

[1A[1m> Connecting to Daemon[m[22D[1B[2A[1m<[0;1m-------------> 0% INITIALIZING [55ms][m[38D[1B> IDLE[0K[6D[1B[2AReusing configuration cache.[0K
[1m> Task :checkKotlinGradlePluginConfigurationErrors[m[33m SKIPPED[39m[0K
[0K
[0K
./gradlew : e: file:///D:/ceie/scan/src/main/kotlin/com/scan/core/FileScanner.kt:137:31 Unresolved reference 'incrementalScan'.
At line:1 char:1
+ ./gradlew compileKotlin > build_output.txt 2>&1; Get-Content build_ou ...
+ ~~~~~~~~~~~~~~~~~~~~~~~~~~~~~~~~~~~~~~~~~~~~~~~
    + CategoryInfo          : NotSpecified: (e: file:///D:/c...crementalScan'.:String) [], RemoteException
    + FullyQualifiedErrorId : NativeCommandError
 
e: file:///D:/ceie/scan/src/main/kotlin/com/scan/core/FileScanner.kt:158:21 No parameter with name 'filePath' found.
e: file:///D:/ceie/scan/src/main/kotlin/com/scan/core/FileScanner.kt:160:21 No parameter with name 'scanTime' found.
e: file:///D:/ceie/scan/src/main/kotlin/com/scan/core/FileScanner.kt:161:21 No parameter with name 'fileSize' found.
e: file:///D:/ceie/scan/src/main/kotlin/com/scan/core/FileScanner.kt:162:21 No parameter with name 'linesScanned' found.
e: file:///D:/ceie/scan/src/main/kotlin/com/scan/core/FileScanner.kt:162:21 No value passed for parameter 'scanId'.
e: file:///D:/ceie/scan/src/main/kotlin/com/scan/core/FileScanner.kt:162:21 No value passed for parameter 'timestamp'.
e: file:///D:/ceie/scan/src/main/kotlin/com/scan/core/FileScanner.kt:162:21 No value passed for parameter 'configuration'.
e: file:///D:/ceie/scan/src/main/kotlin/com/scan/core/FileScanner.kt:162:21 No value passed for parameter 'summary'.
e: file:///D:/ceie/scan/src/main/kotlin/com/scan/core/FileScanner.kt:162:21 No value passed for parameter 'errors'.
e: file:///D:/ceie/scan/src/main/kotlin/com/scan/core/FileScanner.kt:162:21 No value passed for parameter 'performance'.
e: file:///D:/ceie/scan/src/main/kotlin/com/scan/core/FileScanner.kt:167:21 No parameter with name 'filePath' found.
e: file:///D:/ceie/scan/src/main/kotlin/com/scan/core/FileScanner.kt:169:21 No parameter with name 'scanTime' found.
e: file:///D:/ceie/scan/src/main/kotlin/com/scan/core/FileScanner.kt:170:21 No parameter with name 'fileSize' found.
e: file:///D:/ceie/scan/src/main/kotlin/com/scan/core/FileScanner.kt:171:21 No parameter with name 'linesScanned' found.
e: file:///D:/ceie/scan/src/main/kotlin/com/scan/core/FileScanner.kt:172:21 No parameter with name 'error' found.
e: file:///D:/ceie/scan/src/main/kotlin/com/scan/core/FileScanner.kt:172:21 No value passed for parameter 'scanId'.
e: file:///D:/ceie/scan/src/main/kotlin/com/scan/core/FileScanner.kt:172:21 No value passed for parameter 'timestamp'.
e: file:///D:/ceie/scan/src/main/kotlin/com/scan/core/FileScanner.kt:172:21 No value passed for parameter 'configuration'.
e: file:///D:/ceie/scan/src/main/kotlin/com/scan/core/FileScanner.kt:172:21 No value passed for parameter 'summary'.
e: file:///D:/ceie/scan/src/main/kotlin/com/scan/core/FileScanner.kt:172:21 No value passed for parameter 'errors'.
e: file:///D:/ceie/scan/src/main/kotlin/com/scan/core/FileScanner.kt:172:21 No value passed for parameter 'performance'.
e: file:///D:/ceie/scan/src/main/kotlin/com/scan/core/FileScanner.kt:180:52 Argument type mismatch: actual type is 'java.io.File!', 
but 'java.nio.file.Path' was expected.
e: file:///D:/ceie/scan/src/main/kotlin/com/scan/core/FileScanner.kt:202:31 Unresolved reference 'verbose'.
e: file:///D:/ceie/scan/src/main/kotlin/com/scan/core/FileScanner.kt:214:52 Argument type mismatch: actual type is 'java.io.File', 
but 'java.nio.file.Path' was expected.
e: file:///D:/ceie/scan/src/main/kotlin/com/scan/core/FileScanner.kt:222:27 Unresolved reference 'strictMode'.
e: file:///D:/ceie/scan/src/main/kotlin/com/scan/core/FileScanner.kt:233:25 Unresolved reference 'shouldInclude'.
e: file:///D:/ceie/scan/src/main/kotlin/com/scan/core/FileScanner.kt:251:35 Unresolved reference 'verbose'.
e: file:///D:/ceie/scan/src/main/kotlin/com/scan/core/FileScanner.kt:261:48 Unresolved reference 'maxContentLength'.
e: file:///D:/ceie/scan/src/main/kotlin/com/scan/core/FileScanner.kt:262:35 Unresolved reference 'verbose'.
e: file:///D:/ceie/scan/src/main/kotlin/com/scan/core/FileScanner.kt:271:48 Unresolved reference 'scanLongLines'.
e: file:///D:/ceie/scan/src/main/kotlin/com/scan/core/FileScanner.kt:272:35 Unresolved reference 'verbose'.
e: file:///D:/ceie/scan/src/main/kotlin/com/scan/core/FileScanner.kt:349:32 Unresolved reference 'lineNumber'.
e: file:///D:/ceie/scan/src/main/kotlin/com/scan/core/FileScanner.kt:349:54 Unresolved reference 'columnStart'.
e: file:///D:/ceie/scan/src/main/kotlin/com/scan/core/FileScanner.kt:349:77 Unresolved reference 'type'.
e: file:///D:/ceie/scan/src/main/kotlin/com/scan/core/FileScanner.kt:349:93 Unresolved reference 'value'.
e: file:///D:/ceie/scan/src/main/kotlin/com/scan/core/FileScanner.kt:358:65 Unresolved reference 'minConfidence'.
e: file:///D:/ceie/scan/src/main/kotlin/com/scan/core/FileScanner.kt:366:76 Unresolved reference 'lineNumber'.
e: file:///D:/ceie/scan/src/main/kotlin/com/scan/core/FileScanner.kt:367:24 Unresolved reference 'columnStart'.
e: file:///D:/ceie/scan/src/main/kotlin/com/scan/core/FileScanner.kt:378:32 Unresolved reference 'timesAssign'.
e: file:///D:/ceie/scan/src/main/kotlin/com/scan/core/FileScanner.kt:383:32 Unresolved reference 'timesAssign'.
e: file:///D:/ceie/scan/src/main/kotlin/com/scan/core/FileScanner.kt:388:32 Unresolved reference 'timesAssign'.
e: file:///D:/ceie/scan/src/main/kotlin/com/scan/core/FileScanner.kt:392:21 Unresolved reference 'value'.
e: file:///D:/ceie/scan/src/main/kotlin/com/scan/core/FileScanner.kt:393:45 Unresolved reference 'calculateShannonEntropy'.
e: file:///D:/ceie/scan/src/main/kotlin/com/scan/core/FileScanner.kt:393:77 Unresolved reference 'value'.
e: file:///D:/ceie/scan/src/main/kotlin/com/scan/core/FileScanner.kt:395:36 Unresolved reference 'timesAssign'.
e: file:///D:/ceie/scan/src/main/kotlin/com/scan/core/FileScanner.kt:400:58 Argument type mismatch: actual type is 'kotlin.Double', 
but 'it(kotlin.Comparable<T> & com.scan.core.Confidence)' was expected.
e: file:///D:/ceie/scan/src/main/kotlin/com/scan/core/FileScanner.kt:400:63 Argument type mismatch: actual type is 'kotlin.Double', 
but 'it(kotlin.Comparable<T> & com.scan.core.Confidence)' was expected.
e: file:///D:/ceie/scan/src/main/kotlin/com/scan/core/FileScanner.kt:407:21 Unresolved reference 'lineNumber'.
e: file:///D:/ceie/scan/src/main/kotlin/com/scan/core/FileScanner.kt:407:48 Unresolved reference 'lineNumber'.
e: file:///D:/ceie/scan/src/main/kotlin/com/scan/core/FileScanner.kt:411:42 Unresolved reference 'lineNumber'.
e: file:///D:/ceie/scan/src/main/kotlin/com/scan/core/FileScanner.kt:412:61 Unresolved reference 'columnStart'.
e: file:///D:/ceie/scan/src/main/kotlin/com/scan/core/FileScanner.kt:433:29 Unresolved reference 'value'.
e: file:///D:/ceie/scan/src/main/kotlin/com/scan/core/ScanConfiguration.kt:423:33 Unresolved reference 'DEFAULT_ENTROPY_THRESHOLD'.
e: file:///D:/ceie/scan/src/main/kotlin/com/scan/core/ScanConfiguration.kt:424:30 Unresolved reference 'DEFAULT_MIN_SECRET_LENGTH'.
e: file:///D:/ceie/scan/src/main/kotlin/com/scan/core/ScanConfiguration.kt:425:30 Unresolved reference 'DEFAULT_MAX_SECRET_LENGTH'.
e: file:///D:/ceie/scan/src/main/kotlin/com/scan/core/ScanConfiguration.kt:459:48 Unresolved reference 'DEFAULT_ENTROPY_THRESHOLD'.
e: file:///D:/ceie/scan/src/main/kotlin/com/scan/core/ScanConfiguration.kt:462:48 Unresolved reference 'DEFAULT_MIN_SECRET_LENGTH'.
e: file:///D:/ceie/scan/src/main/kotlin/com/scan/core/ScanConfiguration.kt:465:48 Unresolved reference 'DEFAULT_MAX_SECRET_LENGTH'.
e: file:///D:/ceie/scan/src/main/kotlin/com/scan/core/ScanConfiguration.kt:482:33 Unresolved reference 'DEFAULT_CONTEXT_LINES'.
e: file:///D:/ceie/scan/src/main/kotlin/com/scan/core/ScanConfiguration.kt:494:51 Unresolved reference 'DEFAULT_CONTEXT_LINES'.
e: file:///D:/ceie/scan/src/main/kotlin/com/scan/core/ScanConfiguration.kt:505:34 Unresolved reference 'DEFAULT_MAX_LINE_LENGTH'.
e: file:///D:/ceie/scan/src/main/kotlin/com/scan/core/ScanConfiguration.kt:525:52 Unresolved reference 'DEFAULT_MAX_LINE_LENGTH'.
e: file:///D:/ceie/scan/src/main/kotlin/com/scan/core/ScanConfiguration.kt:982:23 Unresolved reference 
'getEffectivePathExcludePatterns'.
e: file:///D:/ceie/scan/src/main/kotlin/com/scan/core/ScanEngine.kt:26:25 Too many arguments for 'constructor(): PatternDetector'.
e: file:///D:/ceie/scan/src/main/kotlin/com/scan/core/ScanEngine.kt:26:39 Unresolved reference 'patternConfig'.
e: file:///D:/ceie/scan/src/main/kotlin/com/scan/core/ScanEngine.kt:29:25 Too many arguments for 'constructor(): EntropyDetector'.
e: file:///D:/ceie/scan/src/main/kotlin/com/scan/core/ScanEngine.kt:29:39 Unresolved reference 'entropyConfig'.
e: file:///D:/ceie/scan/src/main/kotlin/com/scan/core/ScanEngine.kt:32:9 Interface 'interface ContextAwareDetector : 
DetectorInterface' does not have constructors.
e: file:///D:/ceie/scan/src/main/kotlin/com/scan/core/ScanEngine.kt:32:44 Unresolved reference 'contextConfig'.
e: file:///D:/ceie/scan/src/main/kotlin/com/scan/core/ScanEngine.kt:35:27 Argument type mismatch: actual type is 
'kotlin.collections.List<com.scan.detectors.DetectorInterface>', but 
'kotlin.collections.List<com.scan.detectors.CompositeDetector.DetectorConfig>' was expected.
e: file:///D:/ceie/scan/src/main/kotlin/com/scan/core/ScanEngine.kt:67:35 Unresolved reference 'enableCaching'.
e: file:///D:/ceie/scan/src/main/kotlin/com/scan/core/ScanEngine.kt:73:43 Unresolved reference 'enableParallelScanning'.
e: file:///D:/ceie/scan/src/main/kotlin/com/scan/core/ScanEngine.kt:84:43 Unresolved reference 'baselineFile'.
e: file:///D:/ceie/scan/src/main/kotlin/com/scan/core/ScanEngine.kt:91:35 Unresolved reference 'enableCaching'.
e: file:///D:/ceie/scan/src/main/kotlin/com/scan/core/ScanEngine.kt:104:34 Cannot infer type for this parameter. Please specify it 
explicitly.
e: file:///D:/ceie/scan/src/main/kotlin/com/scan/core/ScanEngine.kt:104:34 Argument type mismatch: actual type is 
'kotlin.collections.List<T>', but 'kotlin.collections.List<ERROR CLASS: Symbol not found for Detection>' was expected.
e: file:///D:/ceie/scan/src/main/kotlin/com/scan/core/ScanEngine.kt:148:51 Unresolved reference 'shouldInclude'.
e: file:///D:/ceie/scan/src/main/kotlin/com/scan/core/ScanEngine.kt:152:68 Unresolved reference 'FileScanResult'.
e: file:///D:/ceie/scan/src/main/kotlin/com/scan/core/ScanEngine.kt:153:49 Unresolved reference 'FileScanResult'.
e: file:///D:/ceie/scan/src/main/kotlin/com/scan/core/ScanEngine.kt:158:74 Unresolved reference 'scanThreadCount'.
e: file:///D:/ceie/scan/src/main/kotlin/com/scan/core/ScanEngine.kt:160:9 Cannot infer type for this parameter. Please specify it 
explicitly.
e: file:///D:/ceie/scan/src/main/kotlin/com/scan/core/ScanEngine.kt:160:9 Not enough information to infer type argument for 'T'.
e: file:///D:/ceie/scan/src/main/kotlin/com/scan/core/ScanEngine.kt:160:33 Cannot infer type for this parameter. Please specify it 
explicitly.
e: file:///D:/ceie/scan/src/main/kotlin/com/scan/core/ScanEngine.kt:162:22 Cannot infer type for this parameter. Please specify it 
explicitly.
e: file:///D:/ceie/scan/src/main/kotlin/com/scan/core/ScanEngine.kt:162:22 Not enough information to infer type argument for 'R'.
e: file:///D:/ceie/scan/src/main/kotlin/com/scan/core/ScanEngine.kt:162:26 Cannot infer type for this parameter. Please specify it 
explicitly.
e: file:///D:/ceie/scan/src/main/kotlin/com/scan/core/ScanEngine.kt:163:25 Cannot infer type for this parameter. Please specify it 
explicitly.
e: file:///D:/ceie/scan/src/main/kotlin/com/scan/core/ScanEngine.kt:163:25 Not enough information to infer type argument for 'T'.
e: file:///D:/ceie/scan/src/main/kotlin/com/scan/core/ScanEngine.kt:163:31 Cannot infer type for this parameter. Please specify it 
explicitly.
e: file:///D:/ceie/scan/src/main/kotlin/com/scan/core/ScanEngine.kt:164:29 Not enough information to infer type argument for 'K'.
e: file:///D:/ceie/scan/src/main/kotlin/com/scan/core/ScanEngine.kt:166:33 Cannot infer type for this parameter. Please specify it 
explicitly.
e: file:///D:/ceie/scan/src/main/kotlin/com/scan/core/ScanEngine.kt:166:33 Unresolved reference. None of the following candidates 
is applicable because of a receiver type mismatch:
fun <K, V> MutableMap<K, V>.set(key: K, value: V): Unit
e: file:///D:/ceie/scan/src/main/kotlin/com/scan/core/ScanEngine.kt:176:33 Unresolved reference 'FileScanResult'.
e: file:///D:/ceie/scan/src/main/kotlin/com/scan/core/ScanEngine.kt:183:22 Cannot infer type for this parameter. Please specify it 
explicitly.
e: file:///D:/ceie/scan/src/main/kotlin/com/scan/core/ScanEngine.kt:183:22 Not enough information to infer type argument for 'T'.
e: file:///D:/ceie/scan/src/main/kotlin/com/scan/core/ScanEngine.kt:190:70 Unresolved reference 'FileScanResult'.
e: file:///D:/ceie/scan/src/main/kotlin/com/scan/core/ScanEngine.kt:191:37 Unresolved reference 'FileScanResult'.
e: file:///D:/ceie/scan/src/main/kotlin/com/scan/core/ScanEngine.kt:203:29 Unresolved reference 'FileScanResult'.
e: file:///D:/ceie/scan/src/main/kotlin/com/scan/core/ScanEngine.kt:211:53 Unresolved reference 'FileScanResult'.
e: file:///D:/ceie/scan/src/main/kotlin/com/scan/core/ScanEngine.kt:216:27 Unresolved reference 'enableCaching'.
e: file:///D:/ceie/scan/src/main/kotlin/com/scan/core/ScanEngine.kt:225:43 Unresolved reference 'maxFileSizeBytes'.
e: file:///D:/ceie/scan/src/main/kotlin/com/scan/core/ScanEngine.kt:228:20 Unresolved reference 'FileScanResult'.
e: file:///D:/ceie/scan/src/main/kotlin/com/scan/core/ScanEngine.kt:236:77 Too many arguments for 'fun debug(message: String): 
Unit'.
e: file:///D:/ceie/scan/src/main/kotlin/com/scan/core/ScanEngine.kt:238:28 Unresolved reference 'FileScanResult'.
e: file:///D:/ceie/scan/src/main/kotlin/com/scan/core/ScanEngine.kt:244:20 Unresolved reference 'FileScanResult'.
e: file:///D:/ceie/scan/src/main/kotlin/com/scan/core/ScanEngine.kt:248:39 Argument type mismatch: actual type is 'java.io.File', 
but 'com.scan.core.ScanConfiguration' was expected.
e: file:///D:/ceie/scan/src/main/kotlin/com/scan/core/ScanEngine.kt:248:45 Argument type mismatch: actual type is 'kotlin.String', 
but 'kotlin.collections.List<com.scan.detectors.DetectorInterface>' was expected.
e: file:///D:/ceie/scan/src/main/kotlin/com/scan/core/ScanEngine.kt:248:54 Argument type mismatch: actual type is 
'com.scan.core.ScanConfiguration', but 'kotlin.collections.List<com.scan.filters.FilterInterface>' was expected.
e: file:///D:/ceie/scan/src/main/kotlin/com/scan/core/ScanEngine.kt:249:51 Argument type mismatch: actual type is 
'com.scan.core.FileScanner', but 'com.scan.core.ScanContext' was expected.
e: file:///D:/ceie/scan/src/main/kotlin/com/scan/core/ScanEngine.kt:253:17 Unresolved reference 'FileScanResult'.
e: file:///D:/ceie/scan/src/main/kotlin/com/scan/core/ScanEngine.kt:263:27 Unresolved reference 'enableCaching'.
e: file:///D:/ceie/scan/src/main/kotlin/com/scan/core/ScanEngine.kt:274:48 Unresolved reference 'FileScanResult'.
e: file:///D:/ceie/scan/src/main/kotlin/com/scan/core/ScanEngine.kt:274:71 Unresolved reference 'Detection'.
e: file:///D:/ceie/scan/src/main/kotlin/com/scan/core/ScanEngine.kt:275:43 Unresolved reference 'Detection'.
e: file:///D:/ceie/scan/src/main/kotlin/com/scan/core/ScanEngine.kt:277:27 Unresolved reference 'FileScanResult'.
e: file:///D:/ceie/scan/src/main/kotlin/com/scan/core/ScanEngine.kt:278:25 Unresolved reference 'isError'.
e: file:///D:/ceie/scan/src/main/kotlin/com/scan/core/ScanEngine.kt:279:45 Unresolved reference 'detections'.
e: file:///D:/ceie/scan/src/main/kotlin/com/scan/core/ScanEngine.kt:284:30 Cannot infer type for this parameter. Please specify it 
explicitly.
e: file:///D:/ceie/scan/src/main/kotlin/com/scan/core/ScanEngine.kt:284:30 Not enough information to infer type argument for 'T'.
e: file:///D:/ceie/scan/src/main/kotlin/com/scan/core/ScanEngine.kt:285:37 Unresolved reference 'Detection'.
e: file:///D:/ceie/scan/src/main/kotlin/com/scan/core/ScanEngine.kt:285:48 Argument type mismatch: actual type is 
'kotlin.Function1<T, kotlin.Comparable<*>?>', but 'kotlin.Function1<T, kotlin.Comparable<*>?>' was expected.
e: file:///D:/ceie/scan/src/main/kotlin/com/scan/core/ScanEngine.kt:285:48 Cannot infer type for this parameter. Please specify it 
explicitly.
e: file:///D:/ceie/scan/src/main/kotlin/com/scan/core/ScanEngine.kt:285:53 Unresolved reference 'severity'.
e: file:///D:/ceie/scan/src/main/kotlin/com/scan/core/ScanEngine.kt:285:64 Cannot infer type for this parameter. Please specify it 
explicitly.
e: file:///D:/ceie/scan/src/main/kotlin/com/scan/core/ScanEngine.kt:285:64 Not enough information to infer type argument for 'T'.
e: file:///D:/ceie/scan/src/main/kotlin/com/scan/core/ScanEngine.kt:285:71 Cannot infer type for this parameter. Please specify it 
explicitly.
e: file:///D:/ceie/scan/src/main/kotlin/com/scan/core/ScanEngine.kt:285:76 Unresolved reference 'filePath'.
e: file:///D:/ceie/scan/src/main/kotlin/com/scan/core/ScanEngine.kt:285:87 Cannot infer type for this parameter. Please specify it 
explicitly.
e: file:///D:/ceie/scan/src/main/kotlin/com/scan/core/ScanEngine.kt:285:87 Not enough information to infer type argument for 'T'.
e: file:///D:/ceie/scan/src/main/kotlin/com/scan/core/ScanEngine.kt:285:94 Cannot infer type for this parameter. Please specify it 
explicitly.
e: file:///D:/ceie/scan/src/main/kotlin/com/scan/core/ScanEngine.kt:286:24 Unresolved reference 'lineNumber'.
e: file:///D:/ceie/scan/src/main/kotlin/com/scan/core/ScanEngine.kt:292:54 Unresolved reference 'Detection'.
e: file:///D:/ceie/scan/src/main/kotlin/com/scan/core/ScanEngine.kt:292:72 Unresolved reference 'Detection'.
e: file:///D:/ceie/scan/src/main/kotlin/com/scan/core/ScanEngine.kt:293:47 Unresolved reference 'baselineFile'.
e: file:///D:/ceie/scan/src/main/kotlin/com/scan/core/ScanEngine.kt:294:27 Unresolved reference 'exists'.
e: file:///D:/ceie/scan/src/main/kotlin/com/scan/core/ScanEngine.kt:295:67 Unresolved reference 'baselineFile'.
e: file:///D:/ceie/scan/src/main/kotlin/com/scan/core/ScanEngine.kt:301:31 Unresolved reference 'onlyReportNew'.
e: file:///D:/ceie/scan/src/main/kotlin/com/scan/core/ScanEngine.kt:313:52 Unresolved reference 'Detection'.
e: file:///D:/ceie/scan/src/main/kotlin/com/scan/core/ScanEngine.kt:316:43 None of the following candidates is applicable:
fun <T> Collection<T>.count(): Int
fun <T> Iterable<T>.count(): Int
fun <T> Iterable<T>.count(predicate: (T) -> Boolean): Int
e: file:///D:/ceie/scan/src/main/kotlin/com/scan/core/ScanEngine.kt:316:51 Unresolved reference 'it'.
e: file:///D:/ceie/scan/src/main/kotlin/com/scan/core/ScanEngine.kt:316:66 Unresolved reference 'DetectionSeverity'.
e: file:///D:/ceie/scan/src/main/kotlin/com/scan/core/ScanEngine.kt:317:39 None of the following candidates is applicable:
fun <T> Collection<T>.count(): Int
fun <T> Iterable<T>.count(): Int
fun <T> Iterable<T>.count(predicate: (T) -> Boolean): Int
e: file:///D:/ceie/scan/src/main/kotlin/com/scan/core/ScanEngine.kt:317:47 Unresolved reference 'it'.
e: file:///D:/ceie/scan/src/main/kotlin/com/scan/core/ScanEngine.kt:317:62 Unresolved reference 'DetectionSeverity'.
e: file:///D:/ceie/scan/src/main/kotlin/com/scan/core/ScanEngine.kt:318:41 None of the following candidates is applicable:
fun <T> Collection<T>.count(): Int
fun <T> Iterable<T>.count(): Int
fun <T> Iterable<T>.count(predicate: (T) -> Boolean): Int
e: file:///D:/ceie/scan/src/main/kotlin/com/scan/core/ScanEngine.kt:318:49 Unresolved reference 'it'.
e: file:///D:/ceie/scan/src/main/kotlin/com/scan/core/ScanEngine.kt:318:64 Unresolved reference 'DetectionSeverity'.
e: file:///D:/ceie/scan/src/main/kotlin/com/scan/core/ScanEngine.kt:319:38 None of the following candidates is applicable:
fun <T> Collection<T>.count(): Int
fun <T> Iterable<T>.count(): Int
fun <T> Iterable<T>.count(predicate: (T) -> Boolean): Int
e: file:///D:/ceie/scan/src/main/kotlin/com/scan/core/ScanEngine.kt:319:46 Unresolved reference 'it'.
e: file:///D:/ceie/scan/src/main/kotlin/com/scan/core/ScanEngine.kt:319:61 Unresolved reference 'DetectionSeverity'.
e: file:///D:/ceie/scan/src/main/kotlin/com/scan/core/ScanEngine.kt:322:17 No parameter with name 'rootPath' found.
e: file:///D:/ceie/scan/src/main/kotlin/com/scan/core/ScanEngine.kt:323:17 No parameter with name 'detections' found.
e: file:///D:/ceie/scan/src/main/kotlin/com/scan/core/ScanEngine.kt:324:17 No parameter with name 'statistics' found.
e: file:///D:/ceie/scan/src/main/kotlin/com/scan/core/ScanEngine.kt:325:33 Argument type mismatch: actual type is 
'com.scan.core.ScanConfiguration', but 'com.scan.core.ScanResultConfiguration' was expected.
e: file:///D:/ceie/scan/src/main/kotlin/com/scan/core/ScanEngine.kt:326:17 No parameter with name 'scanTimestamp' found.
e: file:///D:/ceie/scan/src/main/kotlin/com/scan/core/ScanEngine.kt:327:17 No parameter with name 'success' found.
e: file:///D:/ceie/scan/src/main/kotlin/com/scan/core/ScanEngine.kt:327:17 No value passed for parameter 'scanId'.
e: file:///D:/ceie/scan/src/main/kotlin/com/scan/core/ScanEngine.kt:327:17 No value passed for parameter 'timestamp'.
e: file:///D:/ceie/scan/src/main/kotlin/com/scan/core/ScanEngine.kt:327:17 No value passed for parameter 'summary'.
e: file:///D:/ceie/scan/src/main/kotlin/com/scan/core/ScanEngine.kt:327:17 No value passed for parameter 'findings'.
e: file:///D:/ceie/scan/src/main/kotlin/com/scan/core/ScanEngine.kt:327:17 No value passed for parameter 'errors'.
e: file:///D:/ceie/scan/src/main/kotlin/com/scan/core/ScanEngine.kt:327:17 No value passed for parameter 'performance'.
e: file:///D:/ceie/scan/src/main/kotlin/com/scan/core/ScanEngine.kt:327:66 Unresolved reference 'failOnSecretsFound'.
e: file:///D:/ceie/scan/src/main/kotlin/com/scan/core/ScanEngine.kt:336:27 Unresolved reference 'scanThreadCount'.
e: file:///D:/ceie/scan/src/main/kotlin/com/scan/core/ScanEngine.kt:339:27 Unresolved reference 'entropyThreshold'.
e: file:///D:/ceie/scan/src/main/kotlin/com/scan/core/ScanEngine.kt:339:67 Unresolved reference 'entropyThreshold'.
e: file:///D:/ceie/scan/src/main/kotlin/com/scan/core/ScanEngine.kt:342:27 Unresolved reference 'maxFileSizeBytes'.
e: file:///D:/ceie/scan/src/main/kotlin/com/scan/core/ScanEngine.kt:350:27 Unresolved reference 'enablePatternDetector'.
e: file:///D:/ceie/scan/src/main/kotlin/com/scan/core/ScanEngine.kt:353:27 Unresolved reference 'enableEntropyDetector'.
e: file:///D:/ceie/scan/src/main/kotlin/com/scan/core/ScanEngine.kt:356:27 Unresolved reference 'enableContextAwareDetector'.
e: file:///D:/ceie/scan/src/main/kotlin/com/scan/core/ScanEngine.kt:377:25 No parameter with name 'includePaths' found.
e: file:///D:/ceie/scan/src/main/kotlin/com/scan/core/ScanEngine.kt:378:25 No parameter with name 'excludePaths' found.
e: file:///D:/ceie/scan/src/main/kotlin/com/scan/core/ScanEngine.kt:383:28 Unresolved reference 'scanTestFiles'.
e: file:///D:/ceie/scan/src/main/kotlin/com/scan/core/ScanEngine.kt:384:54 Unresolved reference 'testFilePatterns'.
e: file:///D:/ceie/scan/src/main/kotlin/com/scan/core/ScanEngine.kt:388:27 Unresolved reference 'ignoredFiles'.
e: file:///D:/ceie/scan/src/main/kotlin/com/scan/core/ScanEngine.kt:389:55 Unresolved reference 'ignoredFiles'.
e: file:///D:/ceie/scan/src/main/kotlin/com/scan/core/ScanEngine.kt:397:27 Unresolved reference 'enablePatternDetector'.
e: file:///D:/ceie/scan/src/main/kotlin/com/scan/core/ScanEngine.kt:398:29 Unresolved reference 'initialize'.
e: file:///D:/ceie/scan/src/main/kotlin/com/scan/core/ScanEngine.kt:400:27 Unresolved reference 'enableEntropyDetector'.
e: file:///D:/ceie/scan/src/main/kotlin/com/scan/core/ScanEngine.kt:401:29 Unresolved reference 'initialize'.
e: file:///D:/ceie/scan/src/main/kotlin/com/scan/core/ScanEngine.kt:403:27 Unresolved reference 'enableContextAwareDetector'.
e: file:///D:/ceie/scan/src/main/kotlin/com/scan/core/ScanEngine.kt:404:34 Unresolved reference 'initialize'.
e: file:///D:/ceie/scan/src/main/kotlin/com/scan/core/ScanEngine.kt:409:44 Unresolved reference 'reportOutputDir'.
e: file:///D:/ceie/scan/src/main/kotlin/com/scan/core/ScanEngine.kt:410:24 Unresolved reference 'exists'.
e: file:///D:/ceie/scan/src/main/kotlin/com/scan/core/ScanEngine.kt:411:23 Unresolved reference 'mkdirs'.
e: file:///D:/ceie/scan/src/main/kotlin/com/scan/core/ScanEngine.kt:414:27 Unresolved reference 'enableCaching'.
e: file:///D:/ceie/scan/src/main/kotlin/com/scan/core/ScanEngine.kt:415:47 Unresolved reference 'cacheDirectory'.
e: file:///D:/ceie/scan/src/main/kotlin/com/scan/core/ScanEngine.kt:416:27 Unresolved reference 'exists'.
e: file:///D:/ceie/scan/src/main/kotlin/com/scan/core/ScanEngine.kt:417:26 Unresolved reference 'mkdirs'.
e: file:///D:/ceie/scan/src/main/kotlin/com/scan/core/ScanEngine.kt:423:77 Unresolved reference 'calculateSHA256'.
e: file:///D:/ceie/scan/src/main/kotlin/com/scan/core/ScanEngine.kt:428:48 Unresolved reference 'cacheDirectory'.
e: file:///D:/ceie/scan/src/main/kotlin/com/scan/core/ScanEngine.kt:429:27 Unresolved reference 'exists'.
e: file:///D:/ceie/scan/src/main/kotlin/com/scan/core/ScanEngine.kt:440:48 Unresolved reference 'cacheDirectory'.
e: file:///D:/ceie/scan/src/main/kotlin/com/scan/core/ScanEngine.kt:448:56 Unresolved reference 'Detection'.
e: file:///D:/ceie/scan/src/main/kotlin/com/scan/core/ScanEngine.kt:450:16 Cannot infer type for this parameter. Please specify it 
explicitly.
e: file:///D:/ceie/scan/src/main/kotlin/com/scan/core/ScanEngine.kt:450:16 Not enough information to infer type argument for 'T'.
e: file:///D:/ceie/scan/src/main/kotlin/com/scan/core/ScanEngine.kt:454:27 Unresolved reference 'Detection'.
e: file:///D:/ceie/scan/src/main/kotlin/com/scan/core/ScanEngine.kt:455:28 Unresolved reference 'Detection'.
e: file:///D:/ceie/scan/src/main/kotlin/com/scan/core/ScanEngine.kt:456:13 Unresolved reference 'Detection'.
e: file:///D:/ceie/scan/src/main/kotlin/com/scan/core/ScanEngine.kt:458:24 Cannot infer type for this parameter. Please specify it 
explicitly.
e: file:///D:/ceie/scan/src/main/kotlin/com/scan/core/ScanEngine.kt:458:24 Unresolved reference. None of the following candidates 
is applicable because of a receiver type mismatch:
fun <T> Iterable<T>.filter(predicate: (T) -> Boolean): List<T>
e: file:///D:/ceie/scan/src/main/kotlin/com/scan/core/ScanEngine.kt:458:33 Cannot infer type for this parameter. Please specify it 
explicitly.
e: file:///D:/ceie/scan/src/main/kotlin/com/scan/core/ScanEngine.kt:459:13 Unresolved reference 'not' for operator '!'.
e: file:///D:/ceie/scan/src/main/kotlin/com/scan/core/ScanEngine.kt:459:23 None of the following candidates is applicable:
fun <T> Iterable<T>.any(): Boolean
fun <T> Iterable<T>.any(predicate: (T) -> Boolean): Boolean
e: file:///D:/ceie/scan/src/main/kotlin/com/scan/core/ScanEngine.kt:459:29 Cannot infer type for this parameter. Please specify it 
explicitly.
e: file:///D:/ceie/scan/src/main/kotlin/com/scan/core/ScanEngine.kt:459:68 Unresolved reference 'isSameAs'.
e: file:///D:/ceie/scan/src/main/kotlin/com/scan/core/ScanEngine.kt:463:42 Unresolved reference 'FileScanResult'.
e: file:///D:/ceie/scan/src/main/kotlin/com/scan/core/ScanEngine.kt:465:20 Unresolved reference 'detections'.
e: file:///D:/ceie/scan/src/main/kotlin/com/scan/core/ScanEngine.kt:480:71 Unresolved reference 'FileScanResult'.
e: file:///D:/ceie/scan/src/main/kotlin/com/scan/detectors/CompositeDetector.kt:21:1 Class 'CompositeDetector' is not abstract and 
does not implement abstract member 'detect'.
e: file:///D:/ceie/scan/src/main/kotlin/com/scan/detectors/CompositeDetector.kt:33:74 Unresolved reference 'Finding'.
e: file:///D:/ceie/scan/src/main/kotlin/com/scan/detectors/CompositeDetector.kt:122:5 'detect' overrides nothing.
e: file:///D:/ceie/scan/src/main/kotlin/com/scan/detectors/CompositeDetector.kt:122:71 Unresolved reference 'Finding'.
e: file:///D:/ceie/scan/src/main/kotlin/com/scan/detectors/CompositeDetector.kt:124:20 Cannot infer type for this parameter. Please 
specify it explicitly.
e: file:///D:/ceie/scan/src/main/kotlin/com/scan/detectors/CompositeDetector.kt:124:20 Not enough information to infer type 
argument for 'T'.
e: file:///D:/ceie/scan/src/main/kotlin/com/scan/detectors/CompositeDetector.kt:163:55 Argument type mismatch: actual type is 
'java.io.File', but 'com.scan.core.ScanContext' was expected.
e: file:///D:/ceie/scan/src/main/kotlin/com/scan/detectors/CompositeDetector.kt:163:61 Too many arguments for 'fun detect(context: 
ScanContext): List<Finding>'.
e: file:///D:/ceie/scan/src/main/kotlin/com/scan/detectors/CompositeDetector.kt:166:52 Cannot infer type for this parameter. Please 
specify it explicitly.
e: file:///D:/ceie/scan/src/main/kotlin/com/scan/detectors/CompositeDetector.kt:166:52 Argument type mismatch: actual type is 
'kotlin.collections.List<T>', but 'kotlin.collections.List<ERROR CLASS: Symbol not found for ScanResult.Finding>' was expected.
e: file:///D:/ceie/scan/src/main/kotlin/com/scan/detectors/CompositeDetector.kt:180:75 Argument type mismatch: actual type is 
'java.io.File', but 'com.scan.core.ScanContext' was expected.
e: file:///D:/ceie/scan/src/main/kotlin/com/scan/detectors/CompositeDetector.kt:180:81 Too many arguments for 'fun detect(context: 
ScanContext): List<Finding>'.
e: file:///D:/ceie/scan/src/main/kotlin/com/scan/detectors/CompositeDetector.kt:186:41 Cannot infer type for this parameter. Please 
specify it explicitly.
e: file:///D:/ceie/scan/src/main/kotlin/com/scan/detectors/CompositeDetector.kt:186:41 Argument type mismatch: actual type is 
'kotlin.collections.List<T>', but 'kotlin.collections.List<ERROR CLASS: Symbol not found for ScanResult.Finding>' was expected.
e: file:///D:/ceie/scan/src/main/kotlin/com/scan/detectors/CompositeDetector.kt:192:56 Cannot infer type for this parameter. Please 
specify it explicitly.
e: file:///D:/ceie/scan/src/main/kotlin/com/scan/detectors/CompositeDetector.kt:192:56 Argument type mismatch: actual type is 
'kotlin.collections.List<T>', but 'kotlin.collections.List<ERROR CLASS: Symbol not found for ScanResult.Finding>' was expected.
e: file:///D:/ceie/scan/src/main/kotlin/com/scan/detectors/CompositeDetector.kt:209:55 Argument type mismatch: actual type is 
'java.io.File', but 'com.scan.core.ScanContext' was expected.
e: file:///D:/ceie/scan/src/main/kotlin/com/scan/detectors/CompositeDetector.kt:209:61 Too many arguments for 'fun detect(context: 
ScanContext): List<Finding>'.
e: file:///D:/ceie/scan/src/main/kotlin/com/scan/detectors/CompositeDetector.kt:213:96 Argument type mismatch: actual type is 
'kotlin.Double', but 'com.scan.core.Confidence' was expected.
e: file:///D:/ceie/scan/src/main/kotlin/com/scan/detectors/CompositeDetector.kt:218:52 Cannot infer type for this parameter. Please 
specify it explicitly.
e: file:///D:/ceie/scan/src/main/kotlin/com/scan/detectors/CompositeDetector.kt:218:52 Argument type mismatch: actual type is 
'kotlin.collections.List<T>', but 'kotlin.collections.List<ERROR CLASS: Symbol not found for ScanResult.Finding>' was expected.
e: file:///D:/ceie/scan/src/main/kotlin/com/scan/detectors/CompositeDetector.kt:237:79 Argument type mismatch: actual type is 
'java.io.File', but 'com.scan.core.ScanContext' was expected.
e: file:///D:/ceie/scan/src/main/kotlin/com/scan/detectors/CompositeDetector.kt:237:85 Too many arguments for 'fun detect(context: 
ScanContext): List<Finding>'.
e: file:///D:/ceie/scan/src/main/kotlin/com/scan/detectors/CompositeDetector.kt:240:64 Cannot infer type for this parameter. Please 
specify it explicitly.
e: file:///D:/ceie/scan/src/main/kotlin/com/scan/detectors/CompositeDetector.kt:240:64 Argument type mismatch: actual type is 
'kotlin.collections.List<T>', but 'kotlin.collections.List<ERROR CLASS: Symbol not found for ScanResult.Finding>' was expected.
e: file:///D:/ceie/scan/src/main/kotlin/com/scan/detectors/CompositeDetector.kt:252:49 None of the following candidates is 
applicable:
fun <T> Iterable<T>.any(): Boolean
fun <T> Iterable<T>.any(predicate: (T) -> Boolean): Boolean
e: file:///D:/ceie/scan/src/main/kotlin/com/scan/detectors/CompositeDetector.kt:252:55 Cannot infer type for this parameter. Please 
specify it explicitly.
e: file:///D:/ceie/scan/src/main/kotlin/com/scan/detectors/CompositeDetector.kt:252:74 Unresolved reference 'confidence'.
e: file:///D:/ceie/scan/src/main/kotlin/com/scan/detectors/CompositeDetector.kt:264:90 Unresolved reference 'Finding'.
e: file:///D:/ceie/scan/src/main/kotlin/com/scan/detectors/CompositeDetector.kt:265:35 Cannot infer type for this parameter. Please 
specify it explicitly.
e: file:///D:/ceie/scan/src/main/kotlin/com/scan/detectors/CompositeDetector.kt:265:45 Argument type mismatch: actual type is 
'kotlin.collections.List<ERROR CLASS: Symbol not found for ScanResult.Finding>', but 'kotlin.collections.Iterable<R>' was expected.
e: file:///D:/ceie/scan/src/main/kotlin/com/scan/detectors/CompositeDetector.kt:268:20 Cannot infer type for this parameter. Please 
specify it explicitly.
e: file:///D:/ceie/scan/src/main/kotlin/com/scan/detectors/CompositeDetector.kt:268:20 Not enough information to infer type 
argument for 'T'.
e: file:///D:/ceie/scan/src/main/kotlin/com/scan/detectors/CompositeDetector.kt:271:16 Not enough information to infer type 
argument for 'K'.
e: file:///D:/ceie/scan/src/main/kotlin/com/scan/detectors/CompositeDetector.kt:279:90 Unresolved reference 'Finding'.
e: file:///D:/ceie/scan/src/main/kotlin/com/scan/detectors/CompositeDetector.kt:282:25 Argument type mismatch: actual type is 
'kotlin.collections.List<R>', but 'kotlin.collections.List<com.scan.detectors.CompositeDetector.WeightedFinding>' was expected.
e: file:///D:/ceie/scan/src/main/kotlin/com/scan/detectors/CompositeDetector.kt:282:33 Cannot infer type for this parameter. Please 
specify it explicitly.
e: file:///D:/ceie/scan/src/main/kotlin/com/scan/detectors/CompositeDetector.kt:283:45 Cannot infer type for this parameter. Please 
specify it explicitly.
e: file:///D:/ceie/scan/src/main/kotlin/com/scan/detectors/CompositeDetector.kt:283:45 Unresolved reference. None of the following 
candidates is applicable because of a receiver type mismatch:
fun <T, R> Iterable<T>.map(transform: (T) -> R): List<R>
e: file:///D:/ceie/scan/src/main/kotlin/com/scan/detectors/CompositeDetector.kt:283:51 Cannot infer type for this parameter. Please 
specify it explicitly.
e: file:///D:/ceie/scan/src/main/kotlin/com/scan/detectors/CompositeDetector.kt:293:30 Cannot infer type for this parameter. Please 
specify it explicitly.
e: file:///D:/ceie/scan/src/main/kotlin/com/scan/detectors/CompositeDetector.kt:293:34 Cannot infer type for this parameter. Please 
specify it explicitly.
e: file:///D:/ceie/scan/src/main/kotlin/com/scan/detectors/CompositeDetector.kt:296:44 Overload resolution ambiguity between 
candidates:
fun <T> Iterable<T>.sumOf(selector: (T) -> BigDecimal): BigDecimal
fun <T> Iterable<T>.sumOf(selector: (T) -> BigInteger): BigInteger
fun <T> Iterable<T>.sumOf(selector: (T) -> Double): Double
fun <T> Iterable<T>.sumOf(selector: (T) -> Int): Int
fun <T> Iterable<T>.sumOf(selector: (T) -> Long): Long
fun <T> Iterable<T>.sumOf(selector: (T) -> UInt): UInt
fun <T> Iterable<T>.sumOf(selector: (T) -> ULong): ULong
e: file:///D:/ceie/scan/src/main/kotlin/com/scan/detectors/CompositeDetector.kt:296:50 None of the following candidates is 
applicable:
fun BigDecimal.times(other: BigDecimal): BigDecimal
fun BigInteger.times(other: BigInteger): BigInteger
e: file:///D:/ceie/scan/src/main/kotlin/com/scan/detectors/CompositeDetector.kt:296:63 Unresolved reference 'confidence'.
e: file:///D:/ceie/scan/src/main/kotlin/com/scan/detectors/CompositeDetector.kt:296:88 None of the following candidates is 
applicable:
fun BigDecimal.div(other: BigDecimal): BigDecimal
fun BigInteger.div(other: BigInteger): BigInteger
e: file:///D:/ceie/scan/src/main/kotlin/com/scan/detectors/CompositeDetector.kt:299:25 Unresolved reference 'copy'.
e: file:///D:/ceie/scan/src/main/kotlin/com/scan/detectors/CompositeDetector.kt:301:62 Unresolved reference 'context'.
e: file:///D:/ceie/scan/src/main/kotlin/com/scan/detectors/CompositeDetector.kt:302:69 Unresolved reference 'message'.
e: file:///D:/ceie/scan/src/main/kotlin/com/scan/detectors/CompositeDetector.kt:307:85 Unresolved reference 'Finding'.
e: file:///D:/ceie/scan/src/main/kotlin/com/scan/detectors/CompositeDetector.kt:308:35 Cannot infer type for this parameter. Please 
specify it explicitly.
e: file:///D:/ceie/scan/src/main/kotlin/com/scan/detectors/CompositeDetector.kt:308:45 Argument type mismatch: actual type is 
'kotlin.collections.List<ERROR CLASS: Symbol not found for ScanResult.Finding>', but 'kotlin.collections.Iterable<R>' was expected.
e: file:///D:/ceie/scan/src/main/kotlin/com/scan/detectors/CompositeDetector.kt:309:62 Cannot infer type for this parameter. Please 
specify it explicitly.
e: file:///D:/ceie/scan/src/main/kotlin/com/scan/detectors/CompositeDetector.kt:309:62 Not enough information to infer type 
argument for 'T'.
e: file:///D:/ceie/scan/src/main/kotlin/com/scan/detectors/CompositeDetector.kt:309:66 Cannot infer type for this parameter. Please 
specify it explicitly.
e: file:///D:/ceie/scan/src/main/kotlin/com/scan/detectors/CompositeDetector.kt:317:47 Cannot infer type for this parameter. Please 
specify it explicitly.
e: file:///D:/ceie/scan/src/main/kotlin/com/scan/detectors/CompositeDetector.kt:317:51 Cannot infer type for this parameter. Please 
specify it explicitly.
e: file:///D:/ceie/scan/src/main/kotlin/com/scan/detectors/CompositeDetector.kt:317:64 Unresolved reference 'confidence'.
e: file:///D:/ceie/scan/src/main/kotlin/com/scan/detectors/CompositeDetector.kt:317:77 Overload resolution ambiguity between 
candidates:
fun Iterable<Byte>.average(): Double
fun Iterable<Double>.average(): Double
fun Iterable<Float>.average(): Double
fun Iterable<Int>.average(): Double
fun Iterable<Long>.average(): Double
fun Iterable<Short>.average(): Double
e: file:///D:/ceie/scan/src/main/kotlin/com/scan/detectors/CompositeDetector.kt:318:33 Unresolved reference 'copy'.
e: file:///D:/ceie/scan/src/main/kotlin/com/scan/detectors/CompositeDetector.kt:319:65 None of the following candidates is 
applicable:
fun BigDecimal.times(other: BigDecimal): BigDecimal
fun BigInteger.times(other: BigInteger): BigInteger
e: file:///D:/ceie/scan/src/main/kotlin/com/scan/detectors/CompositeDetector.kt:321:52 Unresolved reference 'message'.
e: file:///D:/ceie/scan/src/main/kotlin/com/scan/detectors/CompositeDetector.kt:324:29 Unresolved reference 'confidence'.
e: file:///D:/ceie/scan/src/main/kotlin/com/scan/detectors/CompositeDetector.kt:330:85 Unresolved reference 'Finding'.
e: file:///D:/ceie/scan/src/main/kotlin/com/scan/detectors/CompositeDetector.kt:331:35 Cannot infer type for this parameter. Please 
specify it explicitly.
e: file:///D:/ceie/scan/src/main/kotlin/com/scan/detectors/CompositeDetector.kt:331:45 Argument type mismatch: actual type is 
'kotlin.collections.List<ERROR CLASS: Symbol not found for ScanResult.Finding>', but 'kotlin.collections.Iterable<R>' was expected.
e: file:///D:/ceie/scan/src/main/kotlin/com/scan/detectors/CompositeDetector.kt:332:62 Cannot infer type for this parameter. Please 
specify it explicitly.
e: file:///D:/ceie/scan/src/main/kotlin/com/scan/detectors/CompositeDetector.kt:332:62 Not enough information to infer type 
argument for 'T'.
e: file:///D:/ceie/scan/src/main/kotlin/com/scan/detectors/CompositeDetector.kt:332:66 Cannot infer type for this parameter. Please 
specify it explicitly.
e: file:///D:/ceie/scan/src/main/kotlin/com/scan/detectors/CompositeDetector.kt:334:30 Cannot infer type for this parameter. Please 
specify it explicitly.
e: file:///D:/ceie/scan/src/main/kotlin/com/scan/detectors/CompositeDetector.kt:334:34 Cannot infer type for this parameter. Please 
specify it explicitly.
e: file:///D:/ceie/scan/src/main/kotlin/com/scan/detectors/CompositeDetector.kt:336:39 Overload resolution ambiguity between 
candidates:
fun <T, R : Comparable<R>> Iterable<T>.maxOf(selector: (T) -> R): R
fun <T> Iterable<T>.maxOf(selector: (T) -> Double): Double
fun <T> Iterable<T>.maxOf(selector: (T) -> Float): Float
e: file:///D:/ceie/scan/src/main/kotlin/com/scan/detectors/CompositeDetector.kt:336:45 Unresolved reference 'confidence'.
e: file:///D:/ceie/scan/src/main/kotlin/com/scan/detectors/CompositeDetector.kt:336:58 Unresolved reference 'confidence'.
e: file:///D:/ceie/scan/src/main/kotlin/com/scan/detectors/CompositeDetector.kt:338:25 Unresolved reference 'copy'.
e: file:///D:/ceie/scan/src/main/kotlin/com/scan/detectors/CompositeDetector.kt:340:38 Overload resolution ambiguity between 
candidates:
fun <T, R : Comparable<R>> Iterable<T>.maxOf(selector: (T) -> R): R
fun <T> Iterable<T>.maxOf(selector: (T) -> Double): Double
fun <T> Iterable<T>.maxOf(selector: (T) -> Float): Float
e: file:///D:/ceie/scan/src/main/kotlin/com/scan/detectors/CompositeDetector.kt:340:44 Unresolved reference 'severity'.
e: file:///D:/ceie/scan/src/main/kotlin/com/scan/detectors/CompositeDetector.kt:340:57 Unresolved reference 'severity'.
e: file:///D:/ceie/scan/src/main/kotlin/com/scan/detectors/CompositeDetector.kt:342:44 Unresolved reference 'message'.
e: file:///D:/ceie/scan/src/main/kotlin/com/scan/detectors/CompositeDetector.kt:347:62 Unresolved reference 'Finding'.
e: file:///D:/ceie/scan/src/main/kotlin/com/scan/detectors/CompositeDetector.kt:347:89 Unresolved reference 'Finding'.
e: file:///D:/ceie/scan/src/main/kotlin/com/scan/detectors/CompositeDetector.kt:358:39 Unresolved reference 'Finding'.
e: file:///D:/ceie/scan/src/main/kotlin/com/scan/detectors/CompositeDetector.kt:359:24 Unresolved reference 'Finding'.
e: file:///D:/ceie/scan/src/main/kotlin/com/scan/detectors/CompositeDetector.kt:360:25 Cannot infer type for this parameter. Please 
specify it explicitly.
e: file:///D:/ceie/scan/src/main/kotlin/com/scan/detectors/CompositeDetector.kt:360:25 Unresolved reference. None of the following 
candidates is applicable because of a receiver type mismatch:
fun <T, K> Iterable<T>.distinctBy(selector: (T) -> K): List<T>
e: file:///D:/ceie/scan/src/main/kotlin/com/scan/detectors/CompositeDetector.kt:360:36 Cannot infer type for this parameter. Please 
specify it explicitly.
e: file:///D:/ceie/scan/src/main/kotlin/com/scan/detectors/CompositeDetector.kt:360:38 Cannot infer type for this parameter. Please 
specify it explicitly.
e: file:///D:/ceie/scan/src/main/kotlin/com/scan/detectors/CompositeDetector.kt:360:48 Unresolved reference 'file'.
e: file:///D:/ceie/scan/src/main/kotlin/com/scan/detectors/CompositeDetector.kt:360:70 Unresolved reference 'lineNumber'.
e: file:///D:/ceie/scan/src/main/kotlin/com/scan/detectors/CompositeDetector.kt:360:85 Unresolved reference 'message'.
e: file:///D:/ceie/scan/src/main/kotlin/com/scan/detectors/CompositeDetector.kt:364:39 Unresolved reference 'Finding'.
e: file:///D:/ceie/scan/src/main/kotlin/com/scan/detectors/CompositeDetector.kt:365:24 Unresolved reference 'Finding'.
e: file:///D:/ceie/scan/src/main/kotlin/com/scan/detectors/CompositeDetector.kt:367:18 None of the following candidates is 
applicable:
fun <T, K> Iterable<T>.groupBy(keySelector: (T) -> K): Map<K, List<T>>
fun <T, K, V> Iterable<T>.groupBy(keySelector: (T) -> K, valueTransform: (T) -> V): Map<K, List<V>>
e: file:///D:/ceie/scan/src/main/kotlin/com/scan/detectors/CompositeDetector.kt:367:28 Cannot infer type for this parameter. Please 
specify it explicitly.
e: file:///D:/ceie/scan/src/main/kotlin/com/scan/detectors/CompositeDetector.kt:367:35 Unresolved reference 'it'.
e: file:///D:/ceie/scan/src/main/kotlin/com/scan/detectors/CompositeDetector.kt:367:57 Unresolved reference 'it'.
e: file:///D:/ceie/scan/src/main/kotlin/com/scan/detectors/CompositeDetector.kt:367:72 Unresolved reference 'it'.
e: file:///D:/ceie/scan/src/main/kotlin/com/scan/detectors/CompositeDetector.kt:368:18 Overload resolution ambiguity between 
candidates:
fun <R, T> Result<T>.map(transform: (@ParameterName(...) T) -> R): Result<R>
    [R|Contract description]
     <
        CallsInPlace(transform, AT_MOST_ONCE)
    >
fun <T, R> Array<out T>.map(transform: (T) -> R): List<R>
fun <R> BooleanArray.map(transform: (Boolean) -> R): List<R>
fun <R> ByteArray.map(transform: (Byte) -> R): List<R>
fun <R> CharArray.map(transform: (Char) -> R): List<R>
fun <R> DoubleArray.map(transform: (Double) -> R): List<R>
fun <R> FloatArray.map(transform: (Float) -> R): List<R>
fun <R> IntArray.map(transform: (Int) -> R): List<R>
fun <R> LongArray.map(transform: (Long) -> R): List<R>
fun <R> ShortArray.map(transform: (Short) -> R): List<R>
fun <T, R> Iterable<T>.map(transform: (T) -> R): List<R>
fun <K, V, R> Map<out K, V>.map(transform: (Map.Entry<K, V>) -> R): List<R>
fun <R> UByteArray.map(transform: (UByte) -> R): List<R>
fun <R> UIntArray.map(transform: (UInt) -> R): List<R>
fun <R> ULongArray.map(transform: (ULong) -> R): List<R>
fun <R> UShortArray.map(transform: (UShort) -> R): List<R>
fun <T, R> Sequence<T>.map(transform: (T) -> R): Sequence<R>
fun <R> CharSequence.map(transform: (Char) -> R): List<R>
e: file:///D:/ceie/scan/src/main/kotlin/com/scan/detectors/CompositeDetector.kt:368:24 Cannot infer type for this parameter. Please 
specify it explicitly.
e: file:///D:/ceie/scan/src/main/kotlin/com/scan/detectors/CompositeDetector.kt:368:24 Function 'component1()' is ambiguous for 
this expression: 
fun <T> Array<out T>.component1(): T
fun BooleanArray.component1(): Boolean
fun ByteArray.component1(): Byte
fun CharArray.component1(): Char
fun DoubleArray.component1(): Double
fun FloatArray.component1(): Float
fun IntArray.component1(): Int
fun LongArray.component1(): Long
fun ShortArray.component1(): Short
fun <T> List<T>.component1(): T
fun <K, V> Map.Entry<K, V>.component1(): K
fun UByteArray.component1(): UByte
fun UIntArray.component1(): UInt
fun ULongArray.component1(): ULong
fun UShortArray.component1(): UShort.
e: file:///D:/ceie/scan/src/main/kotlin/com/scan/detectors/CompositeDetector.kt:368:24 Function 'component2()' is ambiguous for 
this expression: 
fun <T> Array<out T>.component2(): T
fun BooleanArray.component2(): Boolean
fun ByteArray.component2(): Byte
fun CharArray.component2(): Char
fun DoubleArray.component2(): Double
fun FloatArray.component2(): Float
fun IntArray.component2(): Int
fun LongArray.component2(): Long
fun ShortArray.component2(): Short
fun <T> List<T>.component2(): T
fun <K, V> Map.Entry<K, V>.component2(): V
fun UByteArray.component2(): UByte
fun UIntArray.component2(): UInt
fun ULongArray.component2(): ULong
fun UShortArray.component2(): UShort.
e: file:///D:/ceie/scan/src/main/kotlin/com/scan/detectors/CompositeDetector.kt:370:27 Overload resolution ambiguity between 
candidates:
fun <T, R : Comparable<R>> Array<out T>.maxByOrNull(selector: (T) -> R): T?
fun <R : Comparable<R>> BooleanArray.maxByOrNull(selector: (Boolean) -> R): Boolean?
fun <R : Comparable<R>> ByteArray.maxByOrNull(selector: (Byte) -> R): Byte?
fun <R : Comparable<R>> CharArray.maxByOrNull(selector: (Char) -> R): Char?
fun <R : Comparable<R>> DoubleArray.maxByOrNull(selector: (Double) -> R): Double?
fun <R : Comparable<R>> FloatArray.maxByOrNull(selector: (Float) -> R): Float?
fun <R : Comparable<R>> IntArray.maxByOrNull(selector: (Int) -> R): Int?
fun <R : Comparable<R>> LongArray.maxByOrNull(selector: (Long) -> R): Long?
fun <R : Comparable<R>> ShortArray.maxByOrNull(selector: (Short) -> R): Short?
fun <T, R : Comparable<R>> Iterable<T>.maxByOrNull(selector: (T) -> R): T?
fun <K, V, R : Comparable<R>> Map<out K, V>.maxByOrNull(selector: (Map.Entry<K, V>) -> R): Map.Entry<K, V>?
fun <R : Comparable<R>> UByteArray.maxByOrNull(selector: (UByte) -> R): UByte?
fun <R : Comparable<R>> UIntArray.maxByOrNull(selector: (UInt) -> R): UInt?
fun <R : Comparable<R>> ULongArray.maxByOrNull(selector: (ULong) -> R): ULong?
fun <R : Comparable<R>> UShortArray.maxByOrNull(selector: (UShort) -> R): UShort?
fun <T, R : Comparable<R>> Sequence<T>.maxByOrNull(selector: (T) -> R): T?
fun <R : Comparable<R>> CharSequence.maxByOrNull(selector: (Char) -> R): Char?
e: file:///D:/ceie/scan/src/main/kotlin/com/scan/detectors/CompositeDetector.kt:370:39 Unresolved reference 'confidence'.
e: file:///D:/ceie/scan/src/main/kotlin/com/scan/detectors/CompositeDetector.kt:370:41 Unresolved reference 'it'.
e: file:///D:/ceie/scan/src/main/kotlin/com/scan/detectors/CompositeDetector.kt:370:66 Overload resolution ambiguity between 
candidates:
fun <T> Array<out T>.first(): T
fun BooleanArray.first(): Boolean
fun ByteArray.first(): Byte
fun CharArray.first(): Char
fun DoubleArray.first(): Double
fun FloatArray.first(): Float
fun IntArray.first(): Int
fun LongArray.first(): Long
fun ShortArray.first(): Short
fun <T> Iterable<T>.first(): T
fun <T> List<T>.first(): T
fun UByteArray.first(): UByte
fun UIntArray.first(): UInt
fun ULongArray.first(): ULong
fun UShortArray.first(): UShort
fun CharProgression.first(): Char
fun IntProgression.first(): Int
fun LongProgression.first(): Long
fun UIntProgression.first(): UInt
fun ULongProgression.first(): ULong
fun <T> Sequence<T>.first(): T
fun CharSequence.first(): Char
e: file:///D:/ceie/scan/src/main/kotlin/com/scan/detectors/CompositeDetector.kt:375:39 Unresolved reference 'Finding'.
e: file:///D:/ceie/scan/src/main/kotlin/com/scan/detectors/CompositeDetector.kt:376:24 Unresolved reference 'Finding'.
e: file:///D:/ceie/scan/src/main/kotlin/com/scan/detectors/CompositeDetector.kt:378:18 None of the following candidates is 
applicable:
fun <T, K> Iterable<T>.groupBy(keySelector: (T) -> K): Map<K, List<T>>
fun <T, K, V> Iterable<T>.groupBy(keySelector: (T) -> K, valueTransform: (T) -> V): Map<K, List<V>>
e: file:///D:/ceie/scan/src/main/kotlin/com/scan/detectors/CompositeDetector.kt:378:28 Cannot infer type for this parameter. Please 
specify it explicitly.
e: file:///D:/ceie/scan/src/main/kotlin/com/scan/detectors/CompositeDetector.kt:379:21 Cannot infer type for this parameter. Please 
specify it explicitly.
e: file:///D:/ceie/scan/src/main/kotlin/com/scan/detectors/CompositeDetector.kt:380:37 Unresolved reference 'file'.
e: file:///D:/ceie/scan/src/main/kotlin/com/scan/detectors/CompositeDetector.kt:381:37 Unresolved reference 'lineNumber'.
e: file:///D:/ceie/scan/src/main/kotlin/com/scan/detectors/CompositeDetector.kt:382:37 Unresolved reference 'columnStart'.
e: file:///D:/ceie/scan/src/main/kotlin/com/scan/detectors/CompositeDetector.kt:386:18 Overload resolution ambiguity between 
candidates:
fun <R, T> Result<T>.map(transform: (@ParameterName(...) T) -> R): Result<R>
    [R|Contract description]
     <
        CallsInPlace(transform, AT_MOST_ONCE)
    >
fun <T, R> Array<out T>.map(transform: (T) -> R): List<R>
fun <R> BooleanArray.map(transform: (Boolean) -> R): List<R>
fun <R> ByteArray.map(transform: (Byte) -> R): List<R>
fun <R> CharArray.map(transform: (Char) -> R): List<R>
fun <R> DoubleArray.map(transform: (Double) -> R): List<R>
fun <R> FloatArray.map(transform: (Float) -> R): List<R>
fun <R> IntArray.map(transform: (Int) -> R): List<R>
fun <R> LongArray.map(transform: (Long) -> R): List<R>
fun <R> ShortArray.map(transform: (Short) -> R): List<R>
fun <T, R> Iterable<T>.map(transform: (T) -> R): List<R>
fun <K, V, R> Map<out K, V>.map(transform: (Map.Entry<K, V>) -> R): List<R>
fun <R> UByteArray.map(transform: (UByte) -> R): List<R>
fun <R> UIntArray.map(transform: (UInt) -> R): List<R>
fun <R> ULongArray.map(transform: (ULong) -> R): List<R>
fun <R> UShortArray.map(transform: (UShort) -> R): List<R>
fun <T, R> Sequence<T>.map(transform: (T) -> R): Sequence<R>
fun <R> CharSequence.map(transform: (Char) -> R): List<R>
e: file:///D:/ceie/scan/src/main/kotlin/com/scan/detectors/CompositeDetector.kt:386:24 Cannot infer type for this parameter. Please 
specify it explicitly.
e: file:///D:/ceie/scan/src/main/kotlin/com/scan/detectors/CompositeDetector.kt:386:24 Function 'component1()' is ambiguous for 
this expression: 
fun <T> Array<out T>.component1(): T
fun BooleanArray.component1(): Boolean
fun ByteArray.component1(): Byte
fun CharArray.component1(): Char
fun DoubleArray.component1(): Double
fun FloatArray.component1(): Float
fun IntArray.component1(): Int
fun LongArray.component1(): Long
fun ShortArray.component1(): Short
fun <T> List<T>.component1(): T
fun <K, V> Map.Entry<K, V>.component1(): K
fun UByteArray.component1(): UByte
fun UIntArray.component1(): UInt
fun ULongArray.component1(): ULong
fun UShortArray.component1(): UShort.
e: file:///D:/ceie/scan/src/main/kotlin/com/scan/detectors/CompositeDetector.kt:386:24 Function 'component2()' is ambiguous for 
this expression: 
fun <T> Array<out T>.component2(): T
fun BooleanArray.component2(): Boolean
fun ByteArray.component2(): Byte
fun CharArray.component2(): Char
fun DoubleArray.component2(): Double
fun FloatArray.component2(): Float
fun IntArray.component2(): Int
fun LongArray.component2(): Long
fun ShortArray.component2(): Short
fun <T> List<T>.component2(): T
fun <K, V> Map.Entry<K, V>.component2(): V
fun UByteArray.component2(): UByte
fun UIntArray.component2(): UInt
fun ULongArray.component2(): ULong
fun UShortArray.component2(): UShort.
e: file:///D:/ceie/scan/src/main/kotlin/com/scan/detectors/CompositeDetector.kt:392:62 Unresolved reference 'Finding'.
e: file:///D:/ceie/scan/src/main/kotlin/com/scan/detectors/CompositeDetector.kt:392:89 Unresolved reference 'Finding'.
e: file:///D:/ceie/scan/src/main/kotlin/com/scan/detectors/CompositeDetector.kt:393:59 Unresolved reference 'Finding'.
e: file:///D:/ceie/scan/src/main/kotlin/com/scan/detectors/CompositeDetector.kt:395:28 Unresolved reference 'ScanResult.Finding'.
e: file:///D:/ceie/scan/src/main/kotlin/com/scan/detectors/CompositeDetector.kt:398:31 None of the following candidates is 
applicable:
fun <T> Iterable<T>.any(): Boolean
fun <T> Iterable<T>.any(predicate: (T) -> Boolean): Boolean
e: file:///D:/ceie/scan/src/main/kotlin/com/scan/detectors/CompositeDetector.kt:398:37 Cannot infer type for this parameter. Please 
specify it explicitly.
e: file:///D:/ceie/scan/src/main/kotlin/com/scan/detectors/CompositeDetector.kt:404:28 Cannot infer type for this parameter. Please 
specify it explicitly.
e: file:///D:/ceie/scan/src/main/kotlin/com/scan/detectors/CompositeDetector.kt:404:28 Argument type mismatch: actual type is 
'kotlin.collections.MutableList<T>', but 'kotlin.collections.MutableList<ERROR CLASS: Symbol not found for ScanResult.Finding>' was 
expected.
e: file:///D:/ceie/scan/src/main/kotlin/com/scan/detectors/CompositeDetector.kt:404:42 Cannot infer type for this parameter. Please 
specify it explicitly.
e: file:///D:/ceie/scan/src/main/kotlin/com/scan/detectors/CompositeDetector.kt:408:23 Cannot infer type for this parameter. Please 
specify it explicitly.
e: file:///D:/ceie/scan/src/main/kotlin/com/scan/detectors/CompositeDetector.kt:408:23 Not enough information to infer type 
argument for 'R'.
e: file:///D:/ceie/scan/src/main/kotlin/com/scan/detectors/CompositeDetector.kt:408:27 Cannot infer type for this parameter. Please 
specify it explicitly.
e: file:///D:/ceie/scan/src/main/kotlin/com/scan/detectors/CompositeDetector.kt:409:13 Not enough information to infer type 
argument for 'K'.
e: file:///D:/ceie/scan/src/main/kotlin/com/scan/detectors/CompositeDetector.kt:410:17 Argument type mismatch: actual type is 'T', 
but 'K' was expected.
e: file:///D:/ceie/scan/src/main/kotlin/com/scan/detectors/CompositeDetector.kt:410:23 Cannot infer type for this parameter. Please 
specify it explicitly.
e: file:///D:/ceie/scan/src/main/kotlin/com/scan/detectors/CompositeDetector.kt:410:23 Unresolved reference. None of the following 
candidates is applicable because of a receiver type mismatch:
fun <T> List<T>.first(): T
e: file:///D:/ceie/scan/src/main/kotlin/com/scan/detectors/CompositeDetector.kt:441:34 Unresolved reference 'Finding'.
e: file:///D:/ceie/scan/src/main/kotlin/com/scan/detectors/CompositeDetector.kt:442:34 Unresolved reference 'Finding'.
e: file:///D:/ceie/scan/src/main/kotlin/com/scan/detectors/CompositeDetector.kt:445:22 Unresolved reference 'file'.
e: file:///D:/ceie/scan/src/main/kotlin/com/scan/detectors/CompositeDetector.kt:445:52 Unresolved reference 'file'.
e: file:///D:/ceie/scan/src/main/kotlin/com/scan/detectors/CompositeDetector.kt:446:34 Unresolved reference 'lineNumber'.
e: file:///D:/ceie/scan/src/main/kotlin/com/scan/detectors/CompositeDetector.kt:446:57 Unresolved reference 'lineNumber'.
e: file:///D:/ceie/scan/src/main/kotlin/com/scan/detectors/CompositeDetector.kt:450:38 Unresolved reference 'columnStart'.
e: file:///D:/ceie/scan/src/main/kotlin/com/scan/detectors/CompositeDetector.kt:450:60 Unresolved reference 'columnEnd'.
e: file:///D:/ceie/scan/src/main/kotlin/com/scan/detectors/CompositeDetector.kt:451:38 Unresolved reference 'columnStart'.
e: file:///D:/ceie/scan/src/main/kotlin/com/scan/detectors/CompositeDetector.kt:451:60 Unresolved reference 'columnEnd'.
e: file:///D:/ceie/scan/src/main/kotlin/com/scan/detectors/CompositeDetector.kt:453:30 Unresolved reference 'intersect'.
e: file:///D:/ceie/scan/src/main/kotlin/com/scan/detectors/CompositeDetector.kt:454:46 Unresolved reference 'columnStart'.
e: file:///D:/ceie/scan/src/main/kotlin/com/scan/detectors/CompositeDetector.kt:454:69 Unresolved reference 'columnStart'.
e: file:///D:/ceie/scan/src/main/kotlin/com/scan/detectors/CompositeDetector.kt:454:82 'operator' modifier is required on 
'FirNamedFunctionSymbol kotlin/compareTo' in 'compareTo'.
e: file:///D:/ceie/scan/src/main/kotlin/com/scan/detectors/CompositeDetector.kt:460:66 Unresolved reference 'Finding'.
e: file:///D:/ceie/scan/src/main/kotlin/com/scan/detectors/CompositeDetector.kt:460:88 Unresolved reference 'Finding'.
e: file:///D:/ceie/scan/src/main/kotlin/com/scan/detectors/CompositeDetector.kt:461:49 Cannot infer type for this parameter. Please 
specify it explicitly.
e: file:///D:/ceie/scan/src/main/kotlin/com/scan/detectors/CompositeDetector.kt:461:49 Unresolved reference. None of the following 
candidates is applicable because of a receiver type mismatch:
fun <T> List<T>.first(): T
e: file:///D:/ceie/scan/src/main/kotlin/com/scan/detectors/CompositeDetector.kt:463:36 Cannot infer type for this parameter. Please 
specify it explicitly.
e: file:///D:/ceie/scan/src/main/kotlin/com/scan/detectors/CompositeDetector.kt:463:36 Unresolved reference. None of the following 
candidates is applicable because of a receiver type mismatch:
fun <T> List<T>.first(): T
e: file:///D:/ceie/scan/src/main/kotlin/com/scan/detectors/CompositeDetector.kt:464:38 None of the following candidates is 
applicable:
fun <T, R : Comparable<R>> Iterable<T>.maxOf(selector: (T) -> R): R
fun <T> Iterable<T>.maxOf(selector: (T) -> Double): Double
fun <T> Iterable<T>.maxOf(selector: (T) -> Float): Float
e: file:///D:/ceie/scan/src/main/kotlin/com/scan/detectors/CompositeDetector.kt:464:44 Unresolved reference 'confidence'.
e: file:///D:/ceie/scan/src/main/kotlin/com/scan/detectors/CompositeDetector.kt:464:46 Unresolved reference 'it'.
e: file:///D:/ceie/scan/src/main/kotlin/com/scan/detectors/CompositeDetector.kt:465:36 None of the following candidates is 
applicable:
fun <T, R : Comparable<R>> Iterable<T>.maxOf(selector: (T) -> R): R
fun <T> Iterable<T>.maxOf(selector: (T) -> Double): Double
fun <T> Iterable<T>.maxOf(selector: (T) -> Float): Float
e: file:///D:/ceie/scan/src/main/kotlin/com/scan/detectors/CompositeDetector.kt:465:42 Unresolved reference 'severity'.
e: file:///D:/ceie/scan/src/main/kotlin/com/scan/detectors/CompositeDetector.kt:465:44 Unresolved reference 'it'.
e: file:///D:/ceie/scan/src/main/kotlin/com/scan/detectors/CompositeDetector.kt:466:35 Cannot infer type for this parameter. Please 
specify it explicitly.
e: file:///D:/ceie/scan/src/main/kotlin/com/scan/detectors/CompositeDetector.kt:466:35 Unresolved reference. None of the following 
candidates is applicable because of a receiver type mismatch:
fun <T, R> Iterable<T>.map(transform: (T) -> R): List<R>
e: file:///D:/ceie/scan/src/main/kotlin/com/scan/detectors/CompositeDetector.kt:466:39 Cannot infer type for this parameter. Please 
specify it explicitly.
e: file:///D:/ceie/scan/src/main/kotlin/com/scan/detectors/CompositeDetector.kt:466:44 Unresolved reference 'ruleId'.
e: file:///D:/ceie/scan/src/main/kotlin/com/scan/detectors/CompositeDetector.kt:466:53 Cannot infer type for this parameter. Please 
specify it explicitly.
e: file:///D:/ceie/scan/src/main/kotlin/com/scan/detectors/CompositeDetector.kt:466:53 Not enough information to infer type 
argument for 'T'.
e: file:///D:/ceie/scan/src/main/kotlin/com/scan/detectors/CompositeDetector.kt:468:28 Unresolved reference 'copy'.
e: file:///D:/ceie/scan/src/main/kotlin/com/scan/detectors/CompositeDetector.kt:471:37 Cannot infer type for this parameter. Please 
specify it explicitly.
e: file:///D:/ceie/scan/src/main/kotlin/com/scan/detectors/CompositeDetector.kt:471:37 Not enough information to infer type 
argument for 'T'.
e: file:///D:/ceie/scan/src/main/kotlin/com/scan/detectors/CompositeDetector.kt:472:42 Unresolved reference 'message'.
e: file:///D:/ceie/scan/src/main/kotlin/com/scan/detectors/CompositeDetector.kt:473:36 Cannot infer type for this parameter. Please 
specify it explicitly.
e: file:///D:/ceie/scan/src/main/kotlin/com/scan/detectors/CompositeDetector.kt:473:36 Unresolved reference. None of the following 
candidates is applicable because of a receiver type mismatch:
fun <T, R> Iterable<T>.map(transform: (T) -> R): List<R>
e: file:///D:/ceie/scan/src/main/kotlin/com/scan/detectors/CompositeDetector.kt:473:40 Cannot infer type for this parameter. Please 
specify it explicitly.
e: file:///D:/ceie/scan/src/main/kotlin/com/scan/detectors/CompositeDetector.kt:473:45 Unresolved reference 'context'.
e: file:///D:/ceie/scan/src/main/kotlin/com/scan/detectors/CompositeDetector.kt:473:55 Cannot infer type for this parameter. Please 
specify it explicitly.
e: file:///D:/ceie/scan/src/main/kotlin/com/scan/detectors/CompositeDetector.kt:473:55 Not enough information to infer type 
argument for 'T'.
e: file:///D:/ceie/scan/src/main/kotlin/com/scan/detectors/CompositeDetector.kt:473:66 Cannot infer type for this parameter. Please 
specify it explicitly.
e: file:///D:/ceie/scan/src/main/kotlin/com/scan/detectors/CompositeDetector.kt:473:66 Not enough information to infer type 
argument for 'T'.
e: file:///D:/ceie/scan/src/main/kotlin/com/scan/detectors/CompositeDetector.kt:478:39 Unresolved reference 'Finding'.
e: file:///D:/ceie/scan/src/main/kotlin/com/scan/detectors/CompositeDetector.kt:481:24 Unresolved reference 'Finding'.
e: file:///D:/ceie/scan/src/main/kotlin/com/scan/detectors/CompositeDetector.kt:483:18 Cannot infer type for this parameter. Please 
specify it explicitly.
e: file:///D:/ceie/scan/src/main/kotlin/com/scan/detectors/CompositeDetector.kt:483:18 Unresolved reference. None of the following 
candidates is applicable because of a receiver type mismatch:
fun <T> Iterable<T>.filter(predicate: (T) -> Boolean): List<T>
e: file:///D:/ceie/scan/src/main/kotlin/com/scan/detectors/CompositeDetector.kt:483:25 Cannot infer type for this parameter. Please 
specify it explicitly.
e: file:///D:/ceie/scan/src/main/kotlin/com/scan/detectors/CompositeDetector.kt:483:30 Unresolved reference 'confidence'.
e: file:///D:/ceie/scan/src/main/kotlin/com/scan/detectors/CompositeDetector.kt:484:18 Cannot infer type for this parameter. Please 
specify it explicitly.
e: file:///D:/ceie/scan/src/main/kotlin/com/scan/detectors/CompositeDetector.kt:484:18 Not enough information to infer type 
argument for 'T'.
e: file:///D:/ceie/scan/src/main/kotlin/com/scan/detectors/CompositeDetector.kt:485:56 Unresolved reference 'Finding'.
e: file:///D:/ceie/scan/src/main/kotlin/com/scan/detectors/CompositeDetector.kt:485:65 Argument type mismatch: actual type is 
'kotlin.Function1<T, kotlin.Comparable<*>?>', but 'kotlin.Function1<T, kotlin.Comparable<*>?>' was expected.
e: file:///D:/ceie/scan/src/main/kotlin/com/scan/detectors/CompositeDetector.kt:485:65 Cannot infer type for this parameter. Please 
specify it explicitly.
e: file:///D:/ceie/scan/src/main/kotlin/com/scan/detectors/CompositeDetector.kt:485:70 Unresolved reference 'severity'.
e: file:///D:/ceie/scan/src/main/kotlin/com/scan/detectors/CompositeDetector.kt:486:34 Cannot infer type for this parameter. Please 
specify it explicitly.
e: file:///D:/ceie/scan/src/main/kotlin/com/scan/detectors/CompositeDetector.kt:486:34 Not enough information to infer type 
argument for 'T'.
e: file:///D:/ceie/scan/src/main/kotlin/com/scan/detectors/CompositeDetector.kt:486:51 Cannot infer type for this parameter. Please 
specify it explicitly.
e: file:///D:/ceie/scan/src/main/kotlin/com/scan/detectors/CompositeDetector.kt:486:56 Unresolved reference 'confidence'.
e: file:///D:/ceie/scan/src/main/kotlin/com/scan/detectors/CompositeDetector.kt:487:34 Cannot infer type for this parameter. Please 
specify it explicitly.
e: file:///D:/ceie/scan/src/main/kotlin/com/scan/detectors/CompositeDetector.kt:487:34 Not enough information to infer type 
argument for 'T'.
e: file:///D:/ceie/scan/src/main/kotlin/com/scan/detectors/CompositeDetector.kt:487:41 Cannot infer type for this parameter. Please 
specify it explicitly.
e: file:///D:/ceie/scan/src/main/kotlin/com/scan/detectors/CompositeDetector.kt:487:46 Unresolved reference 'lineNumber'.
e: file:///D:/ceie/scan/src/main/kotlin/com/scan/detectors/CompositeDetector.kt:489:18 Cannot infer type for this parameter. Please 
specify it explicitly.
e: file:///D:/ceie/scan/src/main/kotlin/com/scan/detectors/CompositeDetector.kt:489:18 Not enough information to infer type 
argument for 'T'.
e: file:///D:/ceie/scan/src/main/kotlin/com/scan/detectors/CompositeDetector.kt:489:18 Not enough information to infer type 
argument for 'R'.
e: file:///D:/ceie/scan/src/main/kotlin/com/scan/detectors/CompositeDetector.kt:489:22 Cannot infer type for this parameter. Please 
specify it explicitly.
e: file:///D:/ceie/scan/src/main/kotlin/com/scan/detectors/CompositeDetector.kt:493:33 Unresolved reference 'Finding'.
e: file:///D:/ceie/scan/src/main/kotlin/com/scan/detectors/CompositeDetector.kt:496:19 Unresolved reference 'Finding'.
e: file:///D:/ceie/scan/src/main/kotlin/com/scan/detectors/CompositeDetector.kt:499:29 Unresolved reference 'lineNumber'.
e: file:///D:/ceie/scan/src/main/kotlin/com/scan/detectors/CompositeDetector.kt:500:35 Unresolved reference 'lineNumber'.
e: file:///D:/ceie/scan/src/main/kotlin/com/scan/detectors/CompositeDetector.kt:505:24 Unresolved reference 'copy'.
e: file:///D:/ceie/scan/src/main/kotlin/com/scan/detectors/CompositeDetector.kt:507:37 Unresolved reference 'context'.
e: file:///D:/ceie/scan/src/main/kotlin/com/scan/detectors/CompositeDetector.kt:510:40 Unresolved reference 'context'.
e: file:///D:/ceie/scan/src/main/kotlin/com/scan/detectors/CompositeDetector.kt:519:56 Unresolved reference 'Finding'.
e: file:///D:/ceie/scan/src/main/kotlin/com/scan/detectors/CompositeDetector.kt:522:24 Unresolved reference 'message'.
e: file:///D:/ceie/scan/src/main/kotlin/com/scan/detectors/CompositeDetector.kt:523:21 Unresolved reference 'context'.
e: file:///D:/ceie/scan/src/main/kotlin/com/scan/detectors/CompositeDetector.kt:554:43 Unresolved reference 'Finding'.
e: file:///D:/ceie/scan/src/main/kotlin/com/scan/detectors/CompositeDetector.kt:559:37 Unresolved reference 'Finding'.
e: file:///D:/ceie/scan/src/main/kotlin/com/scan/detectors/ContextAwareDetector.kt:19:1 Class 'ContextAwareDetectorImpl' is not 
abstract and does not implement abstract member 'detect'.
e: file:///D:/ceie/scan/src/main/kotlin/com/scan/detectors/ContextAwareDetector.kt:63:18 Unsupported [Collection literals outside 
of annotations].
e: file:///D:/ceie/scan/src/main/kotlin/com/scan/detectors/ContextAwareDetector.kt:63:19 Syntax error: Expecting an expression.
e: file:///D:/ceie/scan/src/main/kotlin/com/scan/detectors/ContextAwareDetector.kt:63:20 Syntax error: Expecting an expression.
e: file:///D:/ceie/scan/src/main/kotlin/com/scan/detectors/ContextAwareDetector.kt:83:5 'detect' overrides nothing.
e: file:///D:/ceie/scan/src/main/kotlin/com/scan/detectors/ContextAwareDetector.kt:83:71 Unresolved reference 'Finding'.
e: file:///D:/ceie/scan/src/main/kotlin/com/scan/detectors/ContextAwareDetector.kt:84:49 Unresolved reference 'Finding'.
e: file:///D:/ceie/scan/src/main/kotlin/com/scan/detectors/ContextAwareDetector.kt:116:57 Unresolved reference 'Severity'.
e: file:///D:/ceie/scan/src/main/kotlin/com/scan/detectors/ContextAwareDetector.kt:117:57 Unresolved reference 'Severity'.
e: file:///D:/ceie/scan/src/main/kotlin/com/scan/detectors/ContextAwareDetector.kt:118:44 Unresolved reference 'Severity'.
e: file:///D:/ceie/scan/src/main/kotlin/com/scan/detectors/ContextAwareDetector.kt:122:36 Unresolved reference 'Finding'.
e: file:///D:/ceie/scan/src/main/kotlin/com/scan/detectors/ContextAwareDetector.kt:350:28 Unresolved reference 
'matchesApiKeyPattern'.
e: file:///D:/ceie/scan/src/main/kotlin/com/scan/detectors/ContextAwareDetector.kt:351:28 Unresolved reference 
'matchesPrivateKeyPattern'.
e: file:///D:/ceie/scan/src/main/kotlin/com/scan/detectors/ContextAwareDetector.kt:352:28 Unresolved reference 
'matchesPasswordPattern'.
e: file:///D:/ceie/scan/src/main/kotlin/com/scan/detectors/ContextAwareDetector.kt:353:28 Unresolved reference 
'matchesTokenPattern'.
e: file:///D:/ceie/scan/src/main/kotlin/com/scan/detectors/ContextAwareDetector.kt:354:28 Unresolved reference 
'matchesDatabaseUrlPattern'.
e: file:///D:/ceie/scan/src/main/kotlin/com/scan/detectors/ContextAwareDetector.kt:355:28 Unresolved reference 
'matchesCertificatePattern'.
e: file:///D:/ceie/scan/src/main/kotlin/com/scan/detectors/DetectorInterface.kt:126:22 Cannot infer type for this parameter. Please 
specify it explicitly.
e: file:///D:/ceie/scan/src/main/kotlin/com/scan/detectors/DetectorInterface.kt:126:30 Cannot infer type for this parameter. Please 
specify it explicitly.
e: file:///D:/ceie/scan/src/main/kotlin/com/scan/detectors/DetectorInterface.kt:126:35 Unresolved reference 'type'.
e: file:///D:/ceie/scan/src/main/kotlin/com/scan/detectors/DetectorInterface.kt:175:17 No parameter with name 'type' found.
e: file:///D:/ceie/scan/src/main/kotlin/com/scan/detectors/DetectorInterface.kt:176:17 No parameter with name 'value' found.
e: file:///D:/ceie/scan/src/main/kotlin/com/scan/detectors/DetectorInterface.kt:177:17 No parameter with name 'lineNumber' found.
e: file:///D:/ceie/scan/src/main/kotlin/com/scan/detectors/DetectorInterface.kt:178:17 No parameter with name 'columnStart' found.
e: file:///D:/ceie/scan/src/main/kotlin/com/scan/detectors/DetectorInterface.kt:179:17 No parameter with name 'columnEnd' found.
e: file:///D:/ceie/scan/src/main/kotlin/com/scan/detectors/DetectorInterface.kt:180:30 Argument type mismatch: actual type is 
'kotlin.Double', but 'com.scan.core.Confidence' was expected.
e: file:///D:/ceie/scan/src/main/kotlin/com/scan/detectors/DetectorInterface.kt:181:17 No parameter with name 'rule' found.
e: file:///D:/ceie/scan/src/main/kotlin/com/scan/detectors/DetectorInterface.kt:183:25 Argument type mismatch: actual type is 
'kotlin.String', but 'com.scan.core.FindingContext' was expected.
e: file:///D:/ceie/scan/src/main/kotlin/com/scan/detectors/DetectorInterface.kt:186:17 No value passed for parameter 'id'.
e: file:///D:/ceie/scan/src/main/kotlin/com/scan/detectors/DetectorInterface.kt:186:17 No value passed for parameter 'title'.
e: file:///D:/ceie/scan/src/main/kotlin/com/scan/detectors/DetectorInterface.kt:186:17 No value passed for parameter 'description'.
e: file:///D:/ceie/scan/src/main/kotlin/com/scan/detectors/DetectorInterface.kt:186:17 No value passed for parameter 'detectorType'.
e: file:///D:/ceie/scan/src/main/kotlin/com/scan/detectors/DetectorInterface.kt:186:17 No value passed for parameter 'detectorName'.
e: file:///D:/ceie/scan/src/main/kotlin/com/scan/detectors/DetectorInterface.kt:186:17 No value passed for parameter 'location'.
e: file:///D:/ceie/scan/src/main/kotlin/com/scan/detectors/DetectorInterface.kt:186:17 No value passed for parameter 'secretInfo'.
e: file:///D:/ceie/scan/src/main/kotlin/com/scan/detectors/DetectorInterface.kt:186:17 No value passed for parameter 'remediation'.
e: file:///D:/ceie/scan/src/main/kotlin/com/scan/detectors/EntropyDetector.kt:13:1 Class 'EntropyDetector' is not abstract and does 
not implement abstract member 'detect'.
e: file:///D:/ceie/scan/src/main/kotlin/com/scan/detectors/EntropyDetector.kt:129:5 'detect' overrides nothing.
e: file:///D:/ceie/scan/src/main/kotlin/com/scan/detectors/EntropyDetector.kt:129:71 Unresolved reference 'Finding'.
e: file:///D:/ceie/scan/src/main/kotlin/com/scan/detectors/EntropyDetector.kt:130:49 Unresolved reference 'Finding'.
e: file:///D:/ceie/scan/src/main/kotlin/com/scan/detectors/EntropyDetector.kt:158:25 Cannot infer type for this parameter. Please 
specify it explicitly.
e: file:///D:/ceie/scan/src/main/kotlin/com/scan/detectors/EntropyDetector.kt:158:25 Not enough information to infer type argument 
for 'T'.
e: file:///D:/ceie/scan/src/main/kotlin/com/scan/detectors/EntropyDetector.kt:159:48 Unresolved reference 'Finding'.
e: file:///D:/ceie/scan/src/main/kotlin/com/scan/detectors/EntropyDetector.kt:159:57 Argument type mismatch: actual type is 
'kotlin.Function1<T, kotlin.Comparable<*>?>', but 'kotlin.Function1<T, kotlin.Comparable<*>?>' was expected.
e: file:///D:/ceie/scan/src/main/kotlin/com/scan/detectors/EntropyDetector.kt:159:57 Cannot infer type for this parameter. Please 
specify it explicitly.
e: file:///D:/ceie/scan/src/main/kotlin/com/scan/detectors/EntropyDetector.kt:159:62 Unresolved reference 'confidence'.
e: file:///D:/ceie/scan/src/main/kotlin/com/scan/detectors/EntropyDetector.kt:160:26 Cannot infer type for this parameter. Please 
specify it explicitly.
e: file:///D:/ceie/scan/src/main/kotlin/com/scan/detectors/EntropyDetector.kt:160:26 Not enough information to infer type argument 
for 'T'.
e: file:///D:/ceie/scan/src/main/kotlin/com/scan/detectors/EntropyDetector.kt:160:33 Cannot infer type for this parameter. Please 
specify it explicitly.
e: file:///D:/ceie/scan/src/main/kotlin/com/scan/detectors/EntropyDetector.kt:160:38 Unresolved reference 'lineNumber'.
e: file:///D:/ceie/scan/src/main/kotlin/com/scan/detectors/EntropyDetector.kt:161:26 Cannot infer type for this parameter. Please 
specify it explicitly.
e: file:///D:/ceie/scan/src/main/kotlin/com/scan/detectors/EntropyDetector.kt:161:26 Not enough information to infer type argument 
for 'T'.
e: file:///D:/ceie/scan/src/main/kotlin/com/scan/detectors/EntropyDetector.kt:161:33 Cannot infer type for this parameter. Please 
specify it explicitly.
e: file:///D:/ceie/scan/src/main/kotlin/com/scan/detectors/EntropyDetector.kt:161:38 Unresolved reference 'columnNumber'.
e: file:///D:/ceie/scan/src/main/kotlin/com/scan/detectors/EntropyDetector.kt:165:5 'getName' overrides nothing.
e: file:///D:/ceie/scan/src/main/kotlin/com/scan/detectors/EntropyDetector.kt:167:5 'getDescription' overrides nothing.
e: file:///D:/ceie/scan/src/main/kotlin/com/scan/detectors/EntropyDetector.kt:170:5 'getSupportedFileTypes' overrides nothing.
e: file:///D:/ceie/scan/src/main/kotlin/com/scan/detectors/EntropyDetector.kt:172:5 'configure' overrides nothing.
e: file:///D:/ceie/scan/src/main/kotlin/com/scan/detectors/EntropyDetector.kt:580:76 Unresolved reference 'Finding'.
e: file:///D:/ceie/scan/src/main/kotlin/com/scan/detectors/EntropyDetector.kt:583:27 Unresolved reference 'Finding'.
e: file:///D:/ceie/scan/src/main/kotlin/com/scan/detectors/EntropyDetector.kt:591:70 Unresolved reference 'Severity'.
e: file:///D:/ceie/scan/src/main/kotlin/com/scan/detectors/EntropyDetector.kt:592:70 Unresolved reference 'Severity'.
e: file:///D:/ceie/scan/src/main/kotlin/com/scan/detectors/EntropyDetector.kt:593:48 Unresolved reference 'Severity'.
e: file:///D:/ceie/scan/src/main/kotlin/com/scan/detectors/PatternDetector.kt:12:1 Class 'PatternDetector' is not abstract and does 
not implement abstract member 'detect'.
e: file:///D:/ceie/scan/src/main/kotlin/com/scan/detectors/PatternDetector.kt:124:5 'detect' overrides nothing.
e: file:///D:/ceie/scan/src/main/kotlin/com/scan/detectors/PatternDetector.kt:124:71 Unresolved reference 'Finding'.
e: file:///D:/ceie/scan/src/main/kotlin/com/scan/detectors/PatternDetector.kt:126:20 Cannot infer type for this parameter. Please 
specify it explicitly.
e: file:///D:/ceie/scan/src/main/kotlin/com/scan/detectors/PatternDetector.kt:126:20 Not enough information to infer type argument 
for 'T'.
e: file:///D:/ceie/scan/src/main/kotlin/com/scan/detectors/PatternDetector.kt:129:49 Unresolved reference 'Finding'.
e: file:///D:/ceie/scan/src/main/kotlin/com/scan/detectors/PatternDetector.kt:142:25 Cannot infer type for this parameter. Please 
specify it explicitly.
e: file:///D:/ceie/scan/src/main/kotlin/com/scan/detectors/PatternDetector.kt:142:25 Not enough information to infer type argument 
for 'T'.
e: file:///D:/ceie/scan/src/main/kotlin/com/scan/detectors/PatternDetector.kt:143:48 Unresolved reference 'Finding'.
e: file:///D:/ceie/scan/src/main/kotlin/com/scan/detectors/PatternDetector.kt:143:57 Argument type mismatch: actual type is 
'kotlin.Function1<T, kotlin.Comparable<*>?>', but 'kotlin.Function1<T, kotlin.Comparable<*>?>' was expected.
e: file:///D:/ceie/scan/src/main/kotlin/com/scan/detectors/PatternDetector.kt:143:57 Cannot infer type for this parameter. Please 
specify it explicitly.
e: file:///D:/ceie/scan/src/main/kotlin/com/scan/detectors/PatternDetector.kt:143:62 Unresolved reference 'confidence'.
e: file:///D:/ceie/scan/src/main/kotlin/com/scan/detectors/PatternDetector.kt:144:26 Cannot infer type for this parameter. Please 
specify it explicitly.
e: file:///D:/ceie/scan/src/main/kotlin/com/scan/detectors/PatternDetector.kt:144:26 Not enough information to infer type argument 
for 'T'.
e: file:///D:/ceie/scan/src/main/kotlin/com/scan/detectors/PatternDetector.kt:144:33 Cannot infer type for this parameter. Please 
specify it explicitly.
e: file:///D:/ceie/scan/src/main/kotlin/com/scan/detectors/PatternDetector.kt:144:38 Unresolved reference 'lineNumber'.
e: file:///D:/ceie/scan/src/main/kotlin/com/scan/detectors/PatternDetector.kt:145:26 Cannot infer type for this parameter. Please 
specify it explicitly.
e: file:///D:/ceie/scan/src/main/kotlin/com/scan/detectors/PatternDetector.kt:145:26 Not enough information to infer type argument 
for 'T'.
e: file:///D:/ceie/scan/src/main/kotlin/com/scan/detectors/PatternDetector.kt:145:33 Cannot infer type for this parameter. Please 
specify it explicitly.
e: file:///D:/ceie/scan/src/main/kotlin/com/scan/detectors/PatternDetector.kt:145:38 Unresolved reference 'columnNumber'.
e: file:///D:/ceie/scan/src/main/kotlin/com/scan/detectors/PatternDetector.kt:149:5 'getName' overrides nothing.
e: file:///D:/ceie/scan/src/main/kotlin/com/scan/detectors/PatternDetector.kt:151:5 'getDescription' overrides nothing.
e: file:///D:/ceie/scan/src/main/kotlin/com/scan/detectors/PatternDetector.kt:154:5 'getSupportedFileTypes' overrides nothing.
e: file:///D:/ceie/scan/src/main/kotlin/com/scan/detectors/PatternDetector.kt:156:5 'configure' overrides nothing.
e: file:///D:/ceie/scan/src/main/kotlin/com/scan/detectors/PatternDetector.kt:279:19 Unresolved reference 'Finding'.
e: file:///D:/ceie/scan/src/main/kotlin/com/scan/detectors/PatternDetector.kt:280:27 Unresolved reference 'Finding'.
e: file:///D:/ceie/scan/src/main/kotlin/com/scan/detectors/PatternDetector.kt:288:67 Unresolved reference 'Severity'.
e: file:///D:/ceie/scan/src/main/kotlin/com/scan/detectors/PatternDetector.kt:289:67 Unresolved reference 'Severity'.
e: file:///D:/ceie/scan/src/main/kotlin/com/scan/detectors/PatternDetector.kt:290:48 Unresolved reference 'Severity'.
e: file:///D:/ceie/scan/src/main/kotlin/com/scan/filters/PathFilter.kt:11:30 Syntax error: Expecting a top level declaration.
e: file:///D:/ceie/scan/src/main/kotlin/com/scan/filters/PathFilter.kt:11:31 Syntax error: Expecting a top level declaration.
e: file:///D:/ceie/scan/src/main/kotlin/com/scan/filters/PathFilter.kt:11:32 Syntax error: Expecting a top level declaration.
e: file:///D:/ceie/scan/src/main/kotlin/com/scan/filters/PathFilter.kt:11:36 Syntax error: Expecting a top level declaration.
e: file:///D:/ceie/scan/src/main/kotlin/com/scan/filters/PathFilter.kt:11:37 Syntax error: Expecting a top level declaration.
e: file:///D:/ceie/scan/src/main/kotlin/com/scan/filters/PathFilter.kt:11:38 Syntax error: Expecting a top level declaration.
e: file:///D:/ceie/scan/src/main/kotlin/com/scan/filters/PathFilter.kt:11:40 Syntax error: Expecting a top level declaration.
e: file:///D:/ceie/scan/src/main/kotlin/com/scan/filters/PathFilter.kt:11:43 Syntax error: Expecting a top level declaration.
e: file:///D:/ceie/scan/src/main/kotlin/com/scan/filters/PathFilter.kt:11:44 Syntax error: Expecting a top level declaration.
e: file:///D:/ceie/scan/src/main/kotlin/com/scan/filters/PathFilter.kt:12:2 Syntax error: Expecting a top level declaration.
e: file:///D:/ceie/scan/src/main/kotlin/com/scan/filters/PathFilter.kt:12:4 Syntax error: Expecting a top level declaration.
e: file:///D:/ceie/scan/src/main/kotlin/com/scan/filters/PathFilter.kt:12:6 Syntax error: Expecting a top level declaration.
e: file:///D:/ceie/scan/src/main/kotlin/com/scan/filters/PathFilter.kt:12:14 Syntax error: Expecting a top level declaration.
e: file:///D:/ceie/scan/src/main/kotlin/com/scan/filters/PathFilter.kt:13:2 Syntax error: Expecting a top level declaration.
e: file:///D:/ceie/scan/src/main/kotlin/com/scan/filters/PathFilter.kt:13:4 Syntax error: Expecting a top level declaration.
e: file:///D:/ceie/scan/src/main/kotlin/com/scan/filters/PathFilter.kt:13:6 Syntax error: Expecting a top level declaration.
e: file:///D:/ceie/scan/src/main/kotlin/com/scan/filters/PathFilter.kt:13:12 Syntax error: Expecting a top level declaration.
e: file:///D:/ceie/scan/src/main/kotlin/com/scan/filters/PathFilter.kt:13:17 Syntax error: Expecting a top level declaration.
e: file:///D:/ceie/scan/src/main/kotlin/com/scan/filters/PathFilter.kt:14:2 Syntax error: Expecting a top level declaration.
e: file:///D:/ceie/scan/src/main/kotlin/com/scan/filters/PathFilter.kt:14:4 Syntax error: Expecting a top level declaration.
e: file:///D:/ceie/scan/src/main/kotlin/com/scan/filters/PathFilter.kt:14:6 Syntax error: Expecting a top level declaration.
e: file:///D:/ceie/scan/src/main/kotlin/com/scan/filters/PathFilter.kt:14:15 Syntax error: Expecting a top level declaration.
e: file:///D:/ceie/scan/src/main/kotlin/com/scan/filters/PathFilter.kt:14:16 Syntax error: Expecting a top level declaration.
e: file:///D:/ceie/scan/src/main/kotlin/com/scan/filters/PathFilter.kt:14:22 Syntax error: Expecting a top level declaration.
e: file:///D:/ceie/scan/src/main/kotlin/com/scan/filters/PathFilter.kt:15:2 Syntax error: Expecting a top level declaration.
e: file:///D:/ceie/scan/src/main/kotlin/com/scan/filters/PathFilter.kt:16:2 Syntax error: Expecting a top level declaration.
[2A[1m<[0;32;1m======[0;39;1m-------> 50% EXECUTING [163ms][m[37D[1B[1m> :compileKotlin[m[16D[1B[2A[1m<[0;32;1m======[0;39;1m-------> 50% EXECUTING [256ms][m[37D[2B[2A[1m<[0;32;1m======[0;39;1m-------> 50% EXECUTING [367ms][m[37D[2B[2A[1m<[0;32;1m======[0;39;1m-------> 50% EXECUTING [460ms][m[37D[2B[2A[1m<[0;32;1m======[0;39;1m-------> 50% EXECUTING [555ms][m[37D[2B[2A[1m<[0;32;1m======[0;39;1m-------> 50% EXECUTING [664ms][m[37D[2B[2A[1m<[0;32;1m======[0;39;1m-------> 50% EXECUTING [757ms][m[37D[2B[2A[1m<[0;32;1m======[0;39;1m-------> 50% EXECUTING [866ms][m[37D[2B[2A[1m<[0;32;1m======[0;39;1m-------> 50% EXECUTING [959ms][m[37D[2B[2A[1m<[0;32;1m======[0;39;1m-------> 50% EXECUTING [1s][m[0K[34D[2B[2A[1m<[0;32;1m======[0;39;1m-------> 50% EXECUTING [2s][m[34D[2B[2A[1m<[0;32;1m======[0;39;1m-------> 50% EXECUTING [3s][m[34D[2B[2A[0K
[1m> Task :compileKotlin[m[0K
w: Argument -Xopt-in is deprecated. Please use -opt-in instead
[0K
[0K
e: file:///D:/ceie/scan/src/main/kotlin/com/scan/filters/PathFilter.kt:16:4 Syntax error: Expecting a top level declaration.
e: file:///D:/ceie/scan/src/main/kotlin/com/scan/filters/PathFilter.kt:16:9 Syntax error: Expecting a top level declaration.
e: file:///D:/ceie/scan/src/main/kotlin/com/scan/filters/PathFilter.kt:16:18 Syntax error: Expecting a top level declaration.
e: file:///D:/ceie/scan/src/main/kotlin/com/scan/filters/PathFilter.kt:16:21 Syntax error: Expecting a top level declaration.
e: file:///D:/ceie/scan/src/main/kotlin/com/scan/filters/PathFilter.kt:16:31 Syntax error: Expecting a top level declaration.
e: file:///D:/ceie/scan/src/main/kotlin/com/scan/filters/PathFilter.kt:16:34 Syntax error: Expecting a top level declaration.
e: file:///D:/ceie/scan/src/main/kotlin/com/scan/filters/PathFilter.kt:16:45 Syntax error: Expecting a top level declaration.
e: file:///D:/ceie/scan/src/main/kotlin/com/scan/filters/PathFilter.kt:16:51 Syntax error: Expecting a top level declaration.
e: file:///D:/ceie/scan/src/main/kotlin/com/scan/filters/PathFilter.kt:16:52 Syntax error: Expecting a top level declaration.
e: file:///D:/ceie/scan/src/main/kotlin/com/scan/filters/PathFilter.kt:16:58 Syntax error: Expecting a top level declaration.
e: file:///D:/ceie/scan/src/main/kotlin/com/scan/filters/PathFilter.kt:16:66 Syntax error: Expecting a top level declaration.
e: file:///D:/ceie/scan/src/main/kotlin/com/scan/filters/PathFilter.kt:16:73 Syntax error: Expecting a top level declaration.
e: file:///D:/ceie/scan/src/main/kotlin/com/scan/filters/PathFilter.kt:16:75 Syntax error: Expecting a top level declaration.
e: file:///D:/ceie/scan/src/main/kotlin/com/scan/filters/PathFilter.kt:17:2 Syntax error: Expecting a top level declaration.
e: file:///D:/ceie/scan/src/main/kotlin/com/scan/filters/PathFilter.kt:17:4 Syntax error: Expecting a top level declaration.
e: file:///D:/ceie/scan/src/main/kotlin/com/scan/filters/PathFilter.kt:17:13 Syntax error: Expecting a top level declaration.
e: file:///D:/ceie/scan/src/main/kotlin/com/scan/filters/PathFilter.kt:17:18 Syntax error: Expecting a top level declaration.
e: file:///D:/ceie/scan/src/main/kotlin/com/scan/filters/PathFilter.kt:17:27 Syntax error: Expecting a top level declaration.
e: file:///D:/ceie/scan/src/main/kotlin/com/scan/filters/PathFilter.kt:17:31 Syntax error: Expecting a top level declaration.
e: file:///D:/ceie/scan/src/main/kotlin/com/scan/filters/PathFilter.kt:17:40 Syntax error: Expecting a top level declaration.
e: file:///D:/ceie/scan/src/main/kotlin/com/scan/filters/PathFilter.kt:17:45 Syntax error: Expecting a top level declaration.
e: file:///D:/ceie/scan/src/main/kotlin/com/scan/filters/PathFilter.kt:17:53 Syntax error: Expecting a top level declaration.
e: file:///D:/ceie/scan/src/main/kotlin/com/scan/filters/PathFilter.kt:18:2 Syntax error: Expecting a top level declaration.
e: file:///D:/ceie/scan/src/main/kotlin/com/scan/filters/PathFilter.kt:19:2 Syntax error: Expecting a top level declaration.
e: file:///D:/ceie/scan/src/main/kotlin/com/scan/filters/PathFilter.kt:19:4 Syntax error: Expecting a top level declaration.
e: file:///D:/ceie/scan/src/main/kotlin/com/scan/filters/PathFilter.kt:19:12 Syntax error: Expecting a top level declaration.
e: file:///D:/ceie/scan/src/main/kotlin/com/scan/filters/PathFilter.kt:20:2 Syntax error: Expecting a top level declaration.
e: file:///D:/ceie/scan/src/main/kotlin/com/scan/filters/PathFilter.kt:20:4 Syntax error: Expecting a top level declaration.
e: file:///D:/ceie/scan/src/main/kotlin/com/scan/filters/PathFilter.kt:20:6 Syntax error: Expecting a top level declaration.
e: file:///D:/ceie/scan/src/main/kotlin/com/scan/filters/PathFilter.kt:20:14 Syntax error: Expecting a top level declaration.
e: file:///D:/ceie/scan/src/main/kotlin/com/scan/filters/PathFilter.kt:20:19 Syntax error: Expecting a top level declaration.
e: file:///D:/ceie/scan/src/main/kotlin/com/scan/filters/PathFilter.kt:20:30 Syntax error: Expecting a top level declaration.
e: file:///D:/ceie/scan/src/main/kotlin/com/scan/filters/PathFilter.kt:20:32 Syntax error: Expecting a top level declaration.
e: file:///D:/ceie/scan/src/main/kotlin/com/scan/filters/PathFilter.kt:20:42 Syntax error: Expecting a top level declaration.
e: file:///D:/ceie/scan/src/main/kotlin/com/scan/filters/PathFilter.kt:20:43 Syntax error: Expecting a top level declaration.
e: file:///D:/ceie/scan/src/main/kotlin/com/scan/filters/PathFilter.kt:20:56 Syntax error: Expecting a top level declaration.
e: file:///D:/ceie/scan/src/main/kotlin/com/scan/filters/PathFilter.kt:20:58 Syntax error: Expecting a top level declaration.
e: file:///D:/ceie/scan/src/main/kotlin/com/scan/filters/PathFilter.kt:20:63 Syntax error: Expecting a top level declaration.
e: file:///D:/ceie/scan/src/main/kotlin/com/scan/filters/PathFilter.kt:20:64 Syntax error: Expecting a top level declaration.
e: file:///D:/ceie/scan/src/main/kotlin/com/scan/filters/PathFilter.kt:20:65 Syntax error: Expecting a top level declaration.
e: file:///D:/ceie/scan/src/main/kotlin/com/scan/filters/PathFilter.kt:20:75 Syntax error: Expecting a top level declaration.
e: file:///D:/ceie/scan/src/main/kotlin/com/scan/filters/PathFilter.kt:20:76 Syntax error: Expecting a top level declaration.
e: file:///D:/ceie/scan/src/main/kotlin/com/scan/filters/PathFilter.kt:20:78 Syntax error: Expecting a top level declaration.
e: file:///D:/ceie/scan/src/main/kotlin/com/scan/filters/PathFilter.kt:20:79 Syntax error: Expecting a top level declaration.
e: file:///D:/ceie/scan/src/main/kotlin/com/scan/filters/PathFilter.kt:20:90 Syntax error: Expecting a top level declaration.
e: file:///D:/ceie/scan/src/main/kotlin/com/scan/filters/PathFilter.kt:20:91 Syntax error: Expecting a top level declaration.
e: file:///D:/ceie/scan/src/main/kotlin/com/scan/filters/PathFilter.kt:20:92 Syntax error: Expecting a top level declaration.
e: file:///D:/ceie/scan/src/main/kotlin/com/scan/filters/PathFilter.kt:21:2 Syntax error: Expecting a top level declaration.
e: file:///D:/ceie/scan/src/main/kotlin/com/scan/filters/PathFilter.kt:21:4 Syntax error: Expecting a top level declaration.
e: file:///D:/ceie/scan/src/main/kotlin/com/scan/filters/PathFilter.kt:21:6 Syntax error: Expecting a top level declaration.
e: file:///D:/ceie/scan/src/main/kotlin/com/scan/filters/PathFilter.kt:21:14 Syntax error: Expecting a top level declaration.
e: file:///D:/ceie/scan/src/main/kotlin/com/scan/filters/PathFilter.kt:21:19 Syntax error: Expecting a top level declaration.
e: file:///D:/ceie/scan/src/main/kotlin/com/scan/filters/PathFilter.kt:21:26 Syntax error: Expecting a top level declaration.
e: file:///D:/ceie/scan/src/main/kotlin/com/scan/filters/PathFilter.kt:21:37 Syntax error: Expecting a top level declaration.
e: file:///D:/ceie/scan/src/main/kotlin/com/scan/filters/PathFilter.kt:21:39 Syntax error: Expecting a top level declaration.
e: file:///D:/ceie/scan/src/main/kotlin/com/scan/filters/PathFilter.kt:21:49 Syntax error: Expecting a top level declaration.
e: file:///D:/ceie/scan/src/main/kotlin/com/scan/filters/PathFilter.kt:21:50 Syntax error: Expecting a top level declaration.
e: file:///D:/ceie/scan/src/main/kotlin/com/scan/filters/PathFilter.kt:21:63 Syntax error: Expecting a top level declaration.
e: file:///D:/ceie/scan/src/main/kotlin/com/scan/filters/PathFilter.kt:21:65 Syntax error: Expecting a top level declaration.
e: file:///D:/ceie/scan/src/main/kotlin/com/scan/filters/PathFilter.kt:21:70 Syntax error: Expecting a top level declaration.
e: file:///D:/ceie/scan/src/main/kotlin/com/scan/filters/PathFilter.kt:21:71 Syntax error: Expecting a top level declaration.
e: file:///D:/ceie/scan/src/main/kotlin/com/scan/filters/PathFilter.kt:21:72 Syntax error: Expecting a top level declaration.
e: file:///D:/ceie/scan/src/main/kotlin/com/scan/filters/PathFilter.kt:21:78 Syntax error: Expecting a top level declaration.
e: file:///D:/ceie/scan/src/main/kotlin/com/scan/filters/PathFilter.kt:21:79 Syntax error: Expecting a top level declaration.
e: file:///D:/ceie/scan/src/main/kotlin/com/scan/filters/PathFilter.kt:21:81 Syntax error: Expecting a top level declaration.
e: file:///D:/ceie/scan/src/main/kotlin/com/scan/filters/PathFilter.kt:21:82 Syntax error: Expecting a top level declaration.
e: file:///D:/ceie/scan/src/main/kotlin/com/scan/filters/PathFilter.kt:21:89 Syntax error: Expecting a top level declaration.
e: file:///D:/ceie/scan/src/main/kotlin/com/scan/filters/PathFilter.kt:21:90 Syntax error: Expecting a top level declaration.
e: file:///D:/ceie/scan/src/main/kotlin/com/scan/filters/PathFilter.kt:21:91 Syntax error: Expecting a top level declaration.
e: file:///D:/ceie/scan/src/main/kotlin/com/scan/filters/PathFilter.kt:22:2 Syntax error: Expecting a top level declaration.
e: file:///D:/ceie/scan/src/main/kotlin/com/scan/filters/PathFilter.kt:22:4 Syntax error: Expecting a top level declaration.
e: file:///D:/ceie/scan/src/main/kotlin/com/scan/filters/PathFilter.kt:22:6 Syntax error: Expecting a top level declaration.
e: file:///D:/ceie/scan/src/main/kotlin/com/scan/filters/PathFilter.kt:22:14 Syntax error: Expecting a top level declaration.
e: file:///D:/ceie/scan/src/main/kotlin/com/scan/filters/PathFilter.kt:22:23 Syntax error: Expecting a top level declaration.
e: file:///D:/ceie/scan/src/main/kotlin/com/scan/filters/PathFilter.kt:22:28 Syntax error: Expecting a top level declaration.
e: file:///D:/ceie/scan/src/main/kotlin/com/scan/filters/PathFilter.kt:22:30 Syntax error: Expecting a top level declaration.
e: file:///D:/ceie/scan/src/main/kotlin/com/scan/filters/PathFilter.kt:22:40 Syntax error: Expecting a top level declaration.
e: file:///D:/ceie/scan/src/main/kotlin/com/scan/filters/PathFilter.kt:22:41 Syntax error: Expecting a top level declaration.
e: file:///D:/ceie/scan/src/main/kotlin/com/scan/filters/PathFilter.kt:22:54 Syntax error: Expecting a top level declaration.
e: file:///D:/ceie/scan/src/main/kotlin/com/scan/filters/PathFilter.kt:22:56 Syntax error: Expecting a top level declaration.
e: file:///D:/ceie/scan/src/main/kotlin/com/scan/filters/PathFilter.kt:22:61 Syntax error: Expecting a top level declaration.
e: file:///D:/ceie/scan/src/main/kotlin/com/scan/filters/PathFilter.kt:22:62 Syntax error: Expecting a top level declaration.
e: file:///D:/ceie/scan/src/main/kotlin/com/scan/filters/PathFilter.kt:22:63 Syntax error: Expecting a top level declaration.
e: file:///D:/ceie/scan/src/main/kotlin/com/scan/filters/PathFilter.kt:22:79 Syntax error: Expecting a top level declaration.
e: file:///D:/ceie/scan/src/main/kotlin/com/scan/filters/PathFilter.kt:22:80 Syntax error: Expecting a top level declaration.
e: file:///D:/ceie/scan/src/main/kotlin/com/scan/filters/PathFilter.kt:22:81 Syntax error: Expecting a top level declaration.
e: file:///D:/ceie/scan/src/main/kotlin/com/scan/filters/PathFilter.kt:23:2 Syntax error: Expecting a top level declaration.
e: file:///D:/ceie/scan/src/main/kotlin/com/scan/filters/PathFilter.kt:23:3 Syntax error: Expecting a top level declaration.
e: file:///D:/ceie/scan/src/main/kotlin/com/scan/filters/TestFileFilter.kt:12:1 Class 'TestFileFilter' is not abstract and does not 
implement abstract member 'shouldIncludeFile'.
e: file:///D:/ceie/scan/src/main/kotlin/com/scan/filters/TestFileFilter.kt:102:5 'shouldInclude' overrides nothing.
e: file:///D:/ceie/scan/src/main/kotlin/com/scan/filters/TestFileFilter.kt:113:5 'shouldIncludeResult' overrides nothing.
e: file:///D:/ceie/scan/src/main/kotlin/com/scan/filters/TestFileFilter.kt:114:32 Unresolved reference 'filePath'.
e: file:///D:/ceie/scan/src/main/kotlin/com/scan/filters/TestFileFilter.kt:372:34 Unresolved reference 'secretValue'.
e: file:///D:/ceie/scan/src/main/kotlin/com/scan/filters/TestFileFilter.kt:373:34 Unresolved reference 'lineContent'.
e: file:///D:/ceie/scan/src/main/kotlin/com/scan/filters/TestFileFilter.kt:397:50 Unresolved reference 'secretValue'.
e: file:///D:/ceie/scan/src/main/kotlin/com/scan/filters/TestFileFilter.kt:397:74 Unresolved reference 'secretValue'.
e: file:///D:/ceie/scan/src/main/kotlin/com/scan/filters/TestFileFilter.kt:399:50 Unresolved reference 'lineContent'.
e: file:///D:/ceie/scan/src/main/kotlin/com/scan/filters/TestFileFilter.kt:399:74 Unresolved reference 'lineContent'.
e: file:///D:/ceie/scan/src/main/kotlin/com/scan/filters/WhitelistFilter.kt:16:1 Class 'WhitelistFilter' is not abstract and does 
not implement abstract member 'shouldIncludeFile'.
e: file:///D:/ceie/scan/src/main/kotlin/com/scan/filters/WhitelistFilter.kt:114:5 'shouldInclude' overrides nothing.
e: file:///D:/ceie/scan/src/main/kotlin/com/scan/filters/WhitelistFilter.kt:145:5 'shouldIncludeResult' overrides nothing.
e: file:///D:/ceie/scan/src/main/kotlin/com/scan/filters/WhitelistFilter.kt:147:37 Unresolved reference 'secretValue'.
e: file:///D:/ceie/scan/src/main/kotlin/com/scan/filters/WhitelistFilter.kt:152:42 Unresolved reference 'lineContent'.
e: file:///D:/ceie/scan/src/main/kotlin/com/scan/filters/WhitelistFilter.kt:157:38 Unresolved reference 'lineContent'.
e: file:///D:/ceie/scan/src/main/kotlin/com/scan/plugin/ScanExtension.kt:51:22 Syntax error: Expecting member declaration.
e: file:///D:/ceie/scan/src/main/kotlin/com/scan/plugin/ScanExtension.kt:51:23 Syntax error: Expecting member declaration.
e: file:///D:/ceie/scan/src/main/kotlin/com/scan/plugin/ScanExtension.kt:51:24 Syntax error: Expecting member declaration.
e: file:///D:/ceie/scan/src/main/kotlin/com/scan/plugin/ScanExtension.kt:51:26 Syntax error: Expecting member declaration.
e: file:///D:/ceie/scan/src/main/kotlin/com/scan/plugin/ScanExtension.kt:51:27 Syntax error: Expecting member declaration.
e: file:///D:/ceie/scan/src/main/kotlin/com/scan/plugin/ScanExtension.kt:51:29 Syntax error: Expecting member declaration.
e: file:///D:/ceie/scan/src/main/kotlin/com/scan/plugin/ScanExtension.kt:51:30 Syntax error: Expecting member declaration.
e: file:///D:/ceie/scan/src/main/kotlin/com/scan/plugin/ScanExtension.kt:51:31 Syntax error: Expecting member declaration.
e: file:///D:/ceie/scan/src/main/kotlin/com/scan/plugin/ScanExtension.kt:51:46 Syntax error: Expecting member declaration.
e: file:///D:/ceie/scan/src/main/kotlin/com/scan/plugin/ScanExtension.kt:51:47 Syntax error: Expecting member declaration.
e: file:///D:/ceie/scan/src/main/kotlin/com/scan/plugin/ScanExtension.kt:51:48 Syntax error: Expecting member declaration.
e: file:///D:/ceie/scan/src/main/kotlin/com/scan/plugin/ScanExtension.kt:51:51 Syntax error: Expecting member declaration.
e: file:///D:/ceie/scan/src/main/kotlin/com/scan/plugin/ScanExtension.kt:51:52 Syntax error: Expecting member declaration.
e: file:///D:/ceie/scan/src/main/kotlin/com/scan/plugin/ScanExtension.kt:51:54 Syntax error: Expecting member declaration.
e: file:///D:/ceie/scan/src/main/kotlin/com/scan/plugin/ScanExtension.kt:51:55 Syntax error: Expecting member declaration.
e: file:///D:/ceie/scan/src/main/kotlin/com/scan/plugin/ScanExtension.kt:51:56 Syntax error: Expecting member declaration.
e: file:///D:/ceie/scan/src/main/kotlin/com/scan/plugin/ScanExtension.kt:51:77 Syntax error: Expecting member declaration.
e: file:///D:/ceie/scan/src/main/kotlin/com/scan/plugin/ScanExtension.kt:51:78 Syntax error: Expecting member declaration.
e: file:///D:/ceie/scan/src/main/kotlin/com/scan/plugin/ScanExtension.kt:51:79 Syntax error: Expecting member declaration.
e: file:///D:/ceie/scan/src/main/kotlin/com/scan/plugin/ScanExtension.kt:51:82 Syntax error: Expecting member declaration.
e: file:///D:/ceie/scan/src/main/kotlin/com/scan/plugin/ScanExtension.kt:51:83 Syntax error: Expecting member declaration.
e: file:///D:/ceie/scan/src/main/kotlin/com/scan/plugin/ScanExtension.kt:51:85 Syntax error: Expecting member declaration.
e: file:///D:/ceie/scan/src/main/kotlin/com/scan/plugin/ScanExtension.kt:51:86 Syntax error: Expecting member declaration.
e: file:///D:/ceie/scan/src/main/kotlin/com/scan/plugin/ScanExtension.kt:51:87 Syntax error: Expecting member declaration.
e: file:///D:/ceie/scan/src/main/kotlin/com/scan/plugin/ScanExtension.kt:51:102 Syntax error: Expecting member declaration.
e: file:///D:/ceie/scan/src/main/kotlin/com/scan/plugin/ScanExtension.kt:51:103 Syntax error: Expecting member declaration.
e: file:///D:/ceie/scan/src/main/kotlin/com/scan/plugin/ScanExtension.kt:51:104 Syntax error: Expecting member declaration.
e: file:///D:/ceie/scan/src/main/kotlin/com/scan/plugin/ScanExtension.kt:51:108 Syntax error: Expecting member declaration.
e: file:///D:/ceie/scan/src/main/kotlin/com/scan/plugin/ScanExtension.kt:51:109 Syntax error: Expecting member declaration.
e: file:///D:/ceie/scan/src/main/kotlin/com/scan/plugin/ScanExtension.kt:51:111 Syntax error: Expecting member declaration.
e: file:///D:/ceie/scan/src/main/kotlin/com/scan/plugin/ScanExtension.kt:51:112 Syntax error: Expecting member declaration.
e: file:///D:/ceie/scan/src/main/kotlin/com/scan/plugin/ScanExtension.kt:51:113 Syntax error: Expecting member declaration.
e: file:///D:/ceie/scan/src/main/kotlin/com/scan/plugin/ScanExtension.kt:51:130 Syntax error: Expecting member declaration.
e: file:///D:/ceie/scan/src/main/kotlin/com/scan/plugin/ScanExtension.kt:51:131 Syntax error: Expecting member declaration.
e: file:///D:/ceie/scan/src/main/kotlin/com/scan/plugin/ScanExtension.kt:51:132 Syntax error: Expecting member declaration.
e: file:///D:/ceie/scan/src/main/kotlin/com/scan/plugin/ScanExtension.kt:51:138 Syntax error: Expecting member declaration.
e: file:///D:/ceie/scan/src/main/kotlin/com/scan/plugin/ScanExtension.kt:51:139 Syntax error: Expecting member declaration.
e: file:///D:/ceie/scan/src/main/kotlin/com/scan/plugin/ScanExtension.kt:51:142 Syntax error: Expecting member declaration.
e: file:///D:/ceie/scan/src/main/kotlin/com/scan/plugin/ScanExtension.kt:51:143 Syntax error: Expecting member declaration.
e: file:///D:/ceie/scan/src/main/kotlin/com/scan/plugin/ScanExtension.kt:51:144 Syntax error: Expecting member declaration.
e: file:///D:/ceie/scan/src/main/kotlin/com/scan/plugin/ScanExtension.kt:52:6 Syntax error: Expecting member declaration.
e: file:///D:/ceie/scan/src/main/kotlin/com/scan/plugin/ScanExtension.kt:52:7 Syntax error: Expecting member declaration.
e: file:///D:/ceie/scan/src/main/kotlin/com/scan/plugin/ScanExtension.kt:57:22 Syntax error: Expecting member declaration.
e: file:///D:/ceie/scan/src/main/kotlin/com/scan/plugin/ScanExtension.kt:57:37 Syntax error: Expecting member declaration.
e: file:///D:/ceie/scan/src/main/kotlin/com/scan/plugin/ScanExtension.kt:57:38 Syntax error: Expecting member declaration.
e: file:///D:/ceie/scan/src/main/kotlin/com/scan/plugin/ScanExtension.kt:57:49 Syntax error: Expecting member declaration.
e: file:///D:/ceie/scan/src/main/kotlin/com/scan/plugin/ScanExtension.kt:57:50 Syntax error: Expecting member declaration.
e: file:///D:/ceie/scan/src/main/kotlin/com/scan/plugin/ScanExtension.kt:57:63 Syntax error: Expecting member declaration.
e: file:///D:/ceie/scan/src/main/kotlin/com/scan/plugin/ScanExtension.kt:57:85 Syntax error: Expecting member declaration.
e: file:///D:/ceie/scan/src/main/kotlin/com/scan/plugin/ScanExtension.kt:75:22 Syntax error: Expecting member declaration.
e: file:///D:/ceie/scan/src/main/kotlin/com/scan/plugin/ScanExtension.kt:75:36 Syntax error: Expecting member declaration.
e: file:///D:/ceie/scan/src/main/kotlin/com/scan/plugin/ScanExtension.kt:75:57 Syntax error: Expecting member declaration.
e: file:///D:/ceie/scan/src/main/kotlin/com/scan/plugin/ScanExtension.kt:75:58 Syntax error: Expecting member declaration.
e: file:///D:/ceie/scan/src/main/kotlin/com/scan/plugin/ScanExtension.kt:75:62 Syntax error: Expecting member declaration.
e: file:///D:/ceie/scan/src/main/kotlin/com/scan/plugin/ScanExtension.kt:75:63 Syntax error: Expecting member declaration.
e: file:///D:/ceie/scan/src/main/kotlin/com/scan/plugin/ScanExtension.kt:75:64 Syntax error: Expecting member declaration.
e: file:///D:/ceie/scan/src/main/kotlin/com/scan/plugin/ScanExtension.kt:75:65 Syntax error: Expecting member declaration.
e: file:///D:/ceie/scan/src/main/kotlin/com/scan/plugin/ScanExtension.kt:75:67 Syntax error: Expecting member declaration.
e: file:///D:/ceie/scan/src/main/kotlin/com/scan/plugin/ScanExtension.kt:75:68 Syntax error: Expecting member declaration.
e: file:///D:/ceie/scan/src/main/kotlin/com/scan/plugin/ScanExtension.kt:75:69 Syntax error: Expecting member declaration.
e: file:///D:/ceie/scan/src/main/kotlin/com/scan/plugin/ScanExtension.kt:75:86 Syntax error: Expecting member declaration.
e: file:///D:/ceie/scan/src/main/kotlin/com/scan/plugin/ScanExtension.kt:75:87 Syntax error: Expecting member declaration.
e: file:///D:/ceie/scan/src/main/kotlin/com/scan/plugin/ScanExtension.kt:75:91 Syntax error: Expecting member declaration.
e: file:///D:/ceie/scan/src/main/kotlin/com/scan/plugin/ScanExtension.kt:75:92 Syntax error: Expecting member declaration.
e: file:///D:/ceie/scan/src/main/kotlin/com/scan/plugin/ScanExtension.kt:75:93 Syntax error: Expecting member declaration.
e: file:///D:/ceie/scan/src/main/kotlin/com/scan/plugin/ScanExtension.kt:75:94 Syntax error: Expecting member declaration.
e: file:///D:/ceie/scan/src/main/kotlin/com/scan/plugin/ScanExtension.kt:75:95 Syntax error: Expecting member declaration.
e: file:///D:/ceie/scan/src/main/kotlin/com/scan/plugin/ScanExtension.kt:76:6 Syntax error: Expecting member declaration.
e: file:///D:/ceie/scan/src/main/kotlin/com/scan/plugin/ScanExtension.kt:76:7 Syntax error: Expecting member declaration.
e: file:///D:/ceie/scan/src/main/kotlin/com/scan/plugin/ScanPlugin.kt:8:30 Unresolved reference 'create'.
e: file:///D:/ceie/scan/src/main/kotlin/com/scan/plugin/ScanPlugin.kt:9:30 Unresolved reference 'register'.
e: file:///D:/ceie/scan/src/main/kotlin/com/scan/plugin/ScanPlugin.kt:10:30 Unresolved reference 'withType'.
e: file:///D:/ceie/scan/src/main/kotlin/com/scan/plugin/ScanPlugin.kt:97:35 None of the following candidates is applicable:
fun <T : Any!> create(publicType: Class<T!>!, name: String!, instanceType: Class<out T!>!, vararg constructionArguments: Any!): T!
fun <T : Any!> create(publicType: TypeOf<T!>!, name: String!, instanceType: Class<out T!>!, vararg constructionArguments: Any!): T!
fun <T : Any!> create(name: String!, type: Class<T!>!, vararg constructionArguments: Any!): T!
e: file:///D:/ceie/scan/src/main/kotlin/com/scan/plugin/ScanPlugin.kt:97:73 Cannot infer type for this parameter. Please specify it 
explicitly.
e: file:///D:/ceie/scan/src/main/kotlin/com/scan/plugin/ScanPlugin.kt:97:73 Unresolved reference. None of the following candidates 
is applicable because of a receiver type mismatch:
fun <T> T.apply(block: T.() -> Unit): T
    [R|Contract description]
     <
        CallsInPlace(block, EXACTLY_ONCE)
    >
e: file:///D:/ceie/scan/src/main/kotlin/com/scan/plugin/ScanPlugin.kt:97:79 Cannot infer type for this parameter. Please specify it 
explicitly.
e: file:///D:/ceie/scan/src/main/kotlin/com/scan/plugin/ScanPlugin.kt:102:13 Unresolved reference 'strictMode'.
e: file:///D:/ceie/scan/src/main/kotlin/com/scan/plugin/ScanPlugin.kt:105:13 Unresolved reference 'includePatterns'.
e: file:///D:/ceie/scan/src/main/kotlin/com/scan/plugin/ScanPlugin.kt:123:13 Unresolved reference 'excludePatterns'.
e: file:///D:/ceie/scan/src/main/kotlin/com/scan/plugin/ScanPlugin.kt:137:13 Unresolved reference 'ignoreTestFiles'.
e: file:///D:/ceie/scan/src/main/kotlin/com/scan/plugin/ScanPlugin.kt:140:13 Unresolved reference 'failOnSecrets'.
e: file:///D:/ceie/scan/src/main/kotlin/com/scan/plugin/ScanPlugin.kt:141:13 Unresolved reference 'warnOnSecrets'.
e: file:///D:/ceie/scan/src/main/kotlin/com/scan/plugin/ScanPlugin.kt:144:13 Unresolved reference 'generateHtmlReport'.
e: file:///D:/ceie/scan/src/main/kotlin/com/scan/plugin/ScanPlugin.kt:145:13 Unresolved reference 'generateJsonReport'.
e: file:///D:/ceie/scan/src/main/kotlin/com/scan/plugin/ScanPlugin.kt:146:13 Unresolved reference 'reportOutputDir'.
e: file:///D:/ceie/scan/src/main/kotlin/com/scan/plugin/ScanPlugin.kt:149:13 Unresolved reference 'maxFileSizeBytes'.
e: file:///D:/ceie/scan/src/main/kotlin/com/scan/plugin/ScanPlugin.kt:150:13 Unresolved reference 'parallelScanning'.
e: file:///D:/ceie/scan/src/main/kotlin/com/scan/plugin/ScanPlugin.kt:168:16 Return type mismatch: expected 
'org.gradle.api.tasks.TaskProvider<com.scan.plugin.ScanTask>', actual 'org.gradle.api.tasks.TaskProvider<org.gradle.api.Task!>!'.
e: file:///D:/ceie/scan/src/main/kotlin/com/scan/plugin/ScanPlugin.kt:168:30 Inapplicable candidate(s): fun register(name: String!, 
configurationAction: Action<in Task!>!): TaskProvider<Task!>!
e: file:///D:/ceie/scan/src/main/kotlin/com/scan/plugin/ScanPlugin.kt:170:13 Unresolved reference 'group'.
e: file:///D:/ceie/scan/src/main/kotlin/com/scan/plugin/ScanPlugin.kt:171:13 Unresolved reference 'description'.
e: file:///D:/ceie/scan/src/main/kotlin/com/scan/plugin/ScanPlugin.kt:176:13 Unresolved reference 'scanConfiguration'.
e: file:///D:/ceie/scan/src/main/kotlin/com/scan/plugin/ScanPlugin.kt:181:13 Unresolved reference. None of the following candidates 
is applicable because of a receiver type mismatch:
fun ScanTask.setupTaskInputsAndOutputs(project: Project, extension: ScanExtension): Unit
e: file:///D:/ceie/scan/src/main/kotlin/com/scan/plugin/ScanPlugin.kt:203:27 None of the following candidates is applicable:
fun <S : Task!> withType(type: Class<S!>!, configureAction: Action<in S!>!): DomainObjectCollection<S!>!
fun <S : Task!> withType(type: Class<S!>!, configureClosure: (Closure<Any!>..Closure<*>?)): DomainObjectCollection<S!>!
fun <S : Task!> withType(type: Class<S!>!): TaskCollection<S!>!
e: file:///D:/ceie/scan/src/main/kotlin/com/scan/plugin/ScanPlugin.kt:203:55 Unresolved reference 'configureEach'.
e: file:///D:/ceie/scan/src/main/kotlin/com/scan/plugin/ScanPlugin.kt:206:17 Unresolved reference 'dependsOn'.
e: file:///D:/ceie/scan/src/main/kotlin/com/scan/plugin/ScanPlugin.kt:208:57 Unresolved reference 'name'.
e: file:///D:/ceie/scan/src/main/kotlin/com/scan/plugin/ScanPlugin.kt:245:17 Unresolved reference 'scanConfiguration'.
e: file:///D:/ceie/scan/src/main/kotlin/com/scan/plugin/ScanPlugin.kt:245:41 Unresolved reference 'failOnSecrets'.
e: file:///D:/ceie/scan/src/main/kotlin/com/scan/plugin/ScanPlugin.kt:247:17 Unresolved reference 'scanConfiguration'.
e: file:///D:/ceie/scan/src/main/kotlin/com/scan/plugin/ScanPlugin.kt:247:41 Unresolved reference 'generateJsonReport'.
e: file:///D:/ceie/scan/src/main/kotlin/com/scan/plugin/ScanPlugin.kt:288:57 Unresolved reference 'asFile'.
e: file:///D:/ceie/scan/src/main/kotlin/com/scan/plugin/ScanPlugin.kt:309:46 Argument type mismatch: actual type is 
'kotlin.Function0<kotlin.Unit>', but 'java.lang.Class<S!>!' was expected.
e: file:///D:/ceie/scan/src/main/kotlin/com/scan/plugin/ScanPlugin.kt:317:52 None of the following candidates is applicable:
fun <T : Any!> getByType(type: Class<T!>!): T!
fun <T : Any!> getByType(type: TypeOf<T!>!): T!
e: file:///D:/ceie/scan/src/main/kotlin/com/scan/plugin/ScanPlugin.kt:318:49 Unresolved reference 'includePatterns'.
e: file:///D:/ceie/scan/src/main/kotlin/com/scan/plugin/ScanPlugin.kt:318:71 Unresolved reference 'toMutableList'.
e: file:///D:/ceie/scan/src/main/kotlin/com/scan/plugin/ScanPlugin.kt:328:27 Unresolved reference 'includePatterns'.
e: file:///D:/ceie/scan/src/main/kotlin/com/scan/plugin/ScanPlugin.kt:359:49 Unresolved reference 'strictMode'.
e: file:///D:/ceie/scan/src/main/kotlin/com/scan/plugin/ScanPlugin.kt:362:54 Unresolved reference 'ignoreTestFiles'.
e: file:///D:/ceie/scan/src/main/kotlin/com/scan/plugin/ScanPlugin.kt:369:29 Unresolved reference 'include'.
e: file:///D:/ceie/scan/src/main/kotlin/com/scan/plugin/ScanPlugin.kt:370:29 Unresolved reference 'exclude'.
e: file:///D:/ceie/scan/src/main/kotlin/com/scan/plugin/ScanPlugin.kt:376:13 Condition type mismatch: inferred type is 
'kotlin.text.MatchGroup?' but 'Boolean' was expected.
e: file:///D:/ceie/scan/src/main/kotlin/com/scan/plugin/ScanPlugin.kt:376:23 Unresolved reference 'generateHtmlReport'.
e: file:///D:/ceie/scan/src/main/kotlin/com/scan/plugin/ScanPlugin.kt:377:58 Unresolved reference 'file'.
e: file:///D:/ceie/scan/src/main/kotlin/com/scan/plugin/ScanPlugin.kt:379:13 Condition type mismatch: inferred type is 
'kotlin.text.MatchGroup?' but 'Boolean' was expected.
e: file:///D:/ceie/scan/src/main/kotlin/com/scan/plugin/ScanPlugin.kt:379:23 Unresolved reference 'generateJsonReport'.
e: file:///D:/ceie/scan/src/main/kotlin/com/scan/plugin/ScanPlugin.kt:380:58 Unresolved reference 'file'.
e: file:///D:/ceie/scan/src/main/kotlin/com/scan/plugin/ScanPlugin.kt:385:54 Unresolved reference 'file'.
e: file:///D:/ceie/scan/src/main/kotlin/com/scan/plugin/ScanTask.kt:55:21 Unresolved reference 'include'.
e: file:///D:/ceie/scan/src/main/kotlin/com/scan/plugin/ScanTask.kt:56:21 Unresolved reference 'exclude'.
e: file:///D:/ceie/scan/src/main/kotlin/com/scan/plugin/ScanTask.kt:60:21 Unresolved reference 'exclude'.
e: file:///D:/ceie/scan/src/main/kotlin/com/scan/plugin/ScanTask.kt:60:31 Cannot infer type for this parameter. Please specify it 
explicitly.
e: file:///D:/ceie/scan/src/main/kotlin/com/scan/plugin/ScanTask.kt:61:52 Unresolved reference 'file'.
e: file:///D:/ceie/scan/src/main/kotlin/com/scan/plugin/ScanTask.kt:73:63 Unresolved reference 'asFile'.
e: file:///D:/ceie/scan/src/main/kotlin/com/scan/plugin/ScanTask.kt:83:21 Condition type mismatch: inferred type is 
'kotlin.text.MatchGroup?' but 'Boolean' was expected.
e: file:///D:/ceie/scan/src/main/kotlin/com/scan/plugin/ScanTask.kt:83:45 Unresolved reference 'generateHtmlReport'.
e: file:///D:/ceie/scan/src/main/kotlin/com/scan/plugin/ScanTask.kt:84:67 Unresolved reference 'asFile'.
e: file:///D:/ceie/scan/src/main/kotlin/com/scan/plugin/ScanTask.kt:92:21 Condition type mismatch: inferred type is 
'kotlin.text.MatchGroup?' but 'Boolean' was expected.
e: file:///D:/ceie/scan/src/main/kotlin/com/scan/plugin/ScanTask.kt:92:45 Unresolved reference 'generateJsonReport'.
e: file:///D:/ceie/scan/src/main/kotlin/com/scan/plugin/ScanTask.kt:93:67 Unresolved reference 'asFile'.
e: file:///D:/ceie/scan/src/main/kotlin/com/scan/plugin/ScanTask.kt:183:71 Unresolved reference 'asFile'.
e: file:///D:/ceie/scan/src/main/kotlin/com/scan/plugin/ScanTask.kt:215:25 No parameter with name 'strictMode' found.
e: file:///D:/ceie/scan/src/main/kotlin/com/scan/plugin/ScanTask.kt:215:45 Unresolved reference 'strictMode'.
e: file:///D:/ceie/scan/src/main/kotlin/com/scan/plugin/ScanTask.kt:216:25 No parameter with name 'ignoreTestFiles' found.
e: file:///D:/ceie/scan/src/main/kotlin/com/scan/plugin/ScanTask.kt:216:50 Unresolved reference 'ignoreTestFiles'.
e: file:///D:/ceie/scan/src/main/kotlin/com/scan/plugin/ScanTask.kt:217:25 No parameter with name 'customPatterns' found.
e: file:///D:/ceie/scan/src/main/kotlin/com/scan/plugin/ScanTask.kt:218:25 No parameter with name 'maxFileSizeBytes' found.
e: file:///D:/ceie/scan/src/main/kotlin/com/scan/plugin/ScanTask.kt:219:25 No parameter with name 'parallelScanning' found.
e: file:///D:/ceie/scan/src/main/kotlin/com/scan/plugin/ScanTask.kt:219:51 Unresolved reference 'parallelScanning'.
e: file:///D:/ceie/scan/src/main/kotlin/com/scan/plugin/ScanTask.kt:220:25 No parameter with name 'entropyThreshold' found.
e: file:///D:/ceie/scan/src/main/kotlin/com/scan/plugin/ScanTask.kt:221:37 Condition type mismatch: inferred type is 
'kotlin.text.MatchGroup?' but 'Boolean' was expected.
e: file:///D:/ceie/scan/src/main/kotlin/com/scan/plugin/ScanTask.kt:221:44 Unresolved reference 'strictMode'.
e: file:///D:/ceie/scan/src/main/kotlin/com/scan/plugin/ScanTask.kt:223:25 No parameter with name 'contextAwareScanning' found.
e: file:///D:/ceie/scan/src/main/kotlin/com/scan/plugin/ScanTask.kt:228:86 Unresolved reference 'strictMode'.
e: file:///D:/ceie/scan/src/main/kotlin/com/scan/plugin/ScanTask.kt:275:21 Condition type mismatch: inferred type is 
'kotlin.text.MatchGroup?' but 'Boolean' was expected.
e: file:///D:/ceie/scan/src/main/kotlin/com/scan/plugin/ScanTask.kt:275:28 Unresolved reference 'ignoreTestFiles'.
e: file:///D:/ceie/scan/src/main/kotlin/com/scan/plugin/ScanTask.kt:344:31 Unresolved reference 'scanFiles'.
e: file:///D:/ceie/scan/src/main/kotlin/com/scan/plugin/ScanTask.kt:344:56 Cannot infer type for this parameter. Please specify it 
explicitly.
e: file:///D:/ceie/scan/src/main/kotlin/com/scan/plugin/ScanTask.kt:344:70 Cannot infer type for this parameter. Please specify it 
explicitly.
e: file:///D:/ceie/scan/src/main/kotlin/com/scan/plugin/ScanTask.kt:346:58 None of the following candidates is applicable:
fun BigDecimal.rem(other: BigDecimal): BigDecimal
fun BigInteger.rem(other: BigInteger): BigInteger
e: file:///D:/ceie/scan/src/main/kotlin/com/scan/plugin/ScanTask.kt:347:52 None of the following candidates is applicable:
fun BigDecimal.times(other: BigDecimal): BigDecimal
fun BigInteger.times(other: BigInteger): BigInteger
e: file:///D:/ceie/scan/src/main/kotlin/com/scan/plugin/ScanTask.kt:364:54 Unresolved reference 'asFile'.
e: file:///D:/ceie/scan/src/main/kotlin/com/scan/plugin/ScanTask.kt:373:17 Condition type mismatch: inferred type is 
'kotlin.text.MatchGroup?' but 'Boolean' was expected.
e: file:///D:/ceie/scan/src/main/kotlin/com/scan/plugin/ScanTask.kt:373:24 Unresolved reference 'generateHtmlReport'.
e: file:///D:/ceie/scan/src/main/kotlin/com/scan/plugin/ScanTask.kt:377:17 Condition type mismatch: inferred type is 
'kotlin.text.MatchGroup?' but 'Boolean' was expected.
e: file:///D:/ceie/scan/src/main/kotlin/com/scan/plugin/ScanTask.kt:377:24 Unresolved reference 'generateJsonReport'.
e: file:///D:/ceie/scan/src/main/kotlin/com/scan/plugin/ScanTask.kt:402:45 Unresolved reference 'file'.
e: file:///D:/ceie/scan/src/main/kotlin/com/scan/plugin/ScanTask.kt:408:56 Unresolved reference 'filesScanned'.
e: file:///D:/ceie/scan/src/main/kotlin/com/scan/plugin/ScanTask.kt:409:56 Unresolved reference 'scanDuration'.
e: file:///D:/ceie/scan/src/main/kotlin/com/scan/plugin/ScanTask.kt:422:41 Argument type mismatch: actual type is 
'com.scan.core.ScanResult', but 'kotlin.collections.List<com.scan.core.ScanResult>' was expected.
e: file:///D:/ceie/scan/src/main/kotlin/com/scan/plugin/ScanTask.kt:422:54 Argument type mismatch: actual type is 'java.io.File', 
but 'com.scan.core.ScanConfiguration' was expected.
e: file:///D:/ceie/scan/src/main/kotlin/com/scan/plugin/ScanTask.kt:422:54 No value passed for parameter 'outputFile'.
e: file:///D:/ceie/scan/src/main/kotlin/com/scan/plugin/ScanTask.kt:432:44 No value passed for parameter 'logger'.
e: file:///D:/ceie/scan/src/main/kotlin/com/scan/plugin/ScanTask.kt:432:44 No value passed for parameter 'configuration'.
e: file:///D:/ceie/scan/src/main/kotlin/com/scan/plugin/ScanTask.kt:434:41 Argument type mismatch: actual type is 
'com.scan.core.ScanResult', but 'kotlin.collections.List<com.scan.core.ScanResult>' was expected.
e: file:///D:/ceie/scan/src/main/kotlin/com/scan/plugin/ScanTask.kt:434:54 Argument type mismatch: actual type is 'java.io.File', 
but 'kotlin.String?' was expected.
e: file:///D:/ceie/scan/src/main/kotlin/com/scan/plugin/ScanTask.kt:451:25 Unresolved reference 'reportResults'.
e: file:///D:/ceie/scan/src/main/kotlin/com/scan/plugin/ScanTask.kt:458:51 Unresolved reference 'filesScanned'.
e: file:///D:/ceie/scan/src/main/kotlin/com/scan/plugin/ScanTask.kt:461:13 Condition type mismatch: inferred type is 
'kotlin.text.MatchGroup?' but 'Boolean' was expected.
e: file:///D:/ceie/scan/src/main/kotlin/com/scan/plugin/ScanTask.kt:461:20 Unresolved reference 'failOnSecrets'.
e: file:///D:/ceie/scan/src/main/kotlin/com/scan/plugin/ScanTask.kt:468:13 Condition type mismatch: inferred type is 
'kotlin.text.MatchGroup?' but 'Boolean' was expected.
e: file:///D:/ceie/scan/src/main/kotlin/com/scan/plugin/ScanTask.kt:468:20 Unresolved reference 'warnOnSecrets'.
e: file:///D:/ceie/scan/src/main/kotlin/com/scan/plugin/ScanTask.kt:473:51 Unresolved reference 'filesScanned'.
e: file:///D:/ceie/scan/src/main/kotlin/com/scan/plugin/ScanTask.kt:482:95 Unresolved reference 'filesScanned'.
e: file:///D:/ceie/scan/src/main/kotlin/com/scan/reporting/ConsoleReporter.kt:98:25 Type inference failed. The value of the type 
parameter 'K' should be mentioned in input types (argument types, receiver type, or expected type). Try to specify it explicitly.
e: file:///D:/ceie/scan/src/main/kotlin/com/scan/reporting/ConsoleReporter.kt:124:52 Unresolved reference 'filePath'.
e: file:///D:/ceie/scan/src/main/kotlin/com/scan/reporting/ConsoleReporter.kt:126:54 Unresolved reference 'filePath'.
e: file:///D:/ceie/scan/src/main/kotlin/com/scan/reporting/ConsoleReporter.kt:137:44 Argument type mismatch: actual type is 
'com.scan.core.Severity', but 'com.scan.reporting.FindingSeverity' was expected.
e: file:///D:/ceie/scan/src/main/kotlin/com/scan/reporting/ConsoleReporter.kt:138:46 Argument type mismatch: actual type is 
'com.scan.core.Severity', but 'com.scan.reporting.FindingSeverity' was expected.
e: file:///D:/ceie/scan/src/main/kotlin/com/scan/reporting/ConsoleReporter.kt:145:17 Unresolved reference 'lineNumber'.
e: file:///D:/ceie/scan/src/main/kotlin/com/scan/reporting/ConsoleReporter.kt:145:29 Cannot infer type for this parameter. Please 
specify it explicitly.
e: file:///D:/ceie/scan/src/main/kotlin/com/scan/reporting/ConsoleReporter.kt:145:35 Cannot infer type for this parameter. Please 
specify it explicitly.
e: file:///D:/ceie/scan/src/main/kotlin/com/scan/reporting/ConsoleReporter.kt:148:21 Unresolved reference 'columnStart'.
e: file:///D:/ceie/scan/src/main/kotlin/com/scan/reporting/ConsoleReporter.kt:148:34 Cannot infer type for this parameter. Please 
specify it explicitly.
e: file:///D:/ceie/scan/src/main/kotlin/com/scan/reporting/ConsoleReporter.kt:148:40 Cannot infer type for this parameter. Please 
specify it explicitly.
e: file:///D:/ceie/scan/src/main/kotlin/com/scan/reporting/ConsoleReporter.kt:154:21 Unresolved reference 'ruleName'.
e: file:///D:/ceie/scan/src/main/kotlin/com/scan/reporting/ConsoleReporter.kt:155:68 Unresolved reference 'ruleName'.
e: file:///D:/ceie/scan/src/main/kotlin/com/scan/reporting/ConsoleReporter.kt:162:39 Argument type mismatch: actual type is 
'kotlin.Double', but 'com.scan.core.Confidence' was expected.
e: file:///D:/ceie/scan/src/main/kotlin/com/scan/reporting/ConsoleReporter.kt:163:39 Argument type mismatch: actual type is 
'kotlin.Double', but 'com.scan.core.Confidence' was expected.
e: file:///D:/ceie/scan/src/main/kotlin/com/scan/reporting/ConsoleReporter.kt:167:69 Unresolved reference 'times' for operator '*'.
e: file:///D:/ceie/scan/src/main/kotlin/com/scan/reporting/ConsoleReporter.kt:172:17 Unresolved reference 'codeSnippet'.
e: file:///D:/ceie/scan/src/main/kotlin/com/scan/reporting/ConsoleReporter.kt:172:30 Cannot infer type for this parameter. Please 
specify it explicitly.
e: file:///D:/ceie/scan/src/main/kotlin/com/scan/reporting/ConsoleReporter.kt:172:36 Cannot infer type for this parameter. Please 
specify it explicitly.
e: file:///D:/ceie/scan/src/main/kotlin/com/scan/reporting/ConsoleReporter.kt:172:81 Unresolved reference 'lineNumber'.
e: file:///D:/ceie/scan/src/main/kotlin/com/scan/reporting/ConsoleReporter.kt:175:21 Unresolved reference 'recommendations'.
e: file:///D:/ceie/scan/src/main/kotlin/com/scan/reporting/ConsoleReporter.kt:177:21 Unresolved reference 'recommendations'.
e: file:///D:/ceie/scan/src/main/kotlin/com/scan/reporting/ConsoleReporter.kt:177:47 Cannot infer type for this parameter. Please 
specify it explicitly.
e: file:///D:/ceie/scan/src/main/kotlin/com/scan/reporting/ConsoleReporter.kt:229:29 Type inference failed. The value of the type 
parameter 'K' should be mentioned in input types (argument types, receiver type, or expected type). Try to specify it explicitly.
e: file:///D:/ceie/scan/src/main/kotlin/com/scan/reporting/ConsoleReporter.kt:256:46 Comparison of incompatible enums 
'com.scan.core.Severity' and 'com.scan.reporting.FindingSeverity' is always unsuccessful.
e: file:///D:/ceie/scan/src/main/kotlin/com/scan/reporting/ConsoleReporter.kt:257:42 Comparison of incompatible enums 
'com.scan.core.Severity' and 'com.scan.reporting.FindingSeverity' is always unsuccessful.
e: file:///D:/ceie/scan/src/main/kotlin/com/scan/reporting/HtmlReporter.kt:14:22 This type is final, so it cannot be extended.
e: file:///D:/ceie/scan/src/main/kotlin/com/scan/reporting/HtmlReporter.kt:14:22 No value passed for parameter 'configuration'.
e: file:///D:/ceie/scan/src/main/kotlin/com/scan/reporting/HtmlReporter.kt:14:22 This type has a constructor, so it must be 
initialized here.
e: file:///D:/ceie/scan/src/main/kotlin/com/scan/reporting/HtmlReporter.kt:18:5 'generateReport' overrides nothing.
e: file:///D:/ceie/scan/src/main/kotlin/com/scan/reporting/HtmlReporter.kt:54:74 Unresolved reference 'name'.
e: file:///D:/ceie/scan/src/main/kotlin/com/scan/reporting/HtmlReporter.kt:140:77 Unresolved reference 'size'.
e: file:///D:/ceie/scan/src/main/kotlin/com/scan/reporting/HtmlReporter.kt:156:19 Argument type mismatch: actual type is 
'it(kotlin.Comparable<it(com.scan.core.Severity & kotlin.String)> & java.io.Serializable)', but 'kotlin.String' was expected.
e: file:///D:/ceie/scan/src/main/kotlin/com/scan/reporting/HtmlReporter.kt:171:16 Return type mismatch: expected 
'kotlin.collections.Set<kotlin.String>', actual 'kotlin.collections.List<ERROR CLASS: Cannot infer argument for type parameter T>'.
e: file:///D:/ceie/scan/src/main/kotlin/com/scan/reporting/HtmlReporter.kt:171:48 Cannot infer type for this parameter. Please 
specify it explicitly.
e: file:///D:/ceie/scan/src/main/kotlin/com/scan/reporting/HtmlReporter.kt:171:59 Cannot infer type for this parameter. Please 
specify it explicitly.
e: file:///D:/ceie/scan/src/main/kotlin/com/scan/reporting/HtmlReporter.kt:171:64 Unresolved reference 'type'.
e: file:///D:/ceie/scan/src/main/kotlin/com/scan/reporting/HtmlReporter.kt:171:71 Cannot infer type for this parameter. Please 
specify it explicitly.
e: file:///D:/ceie/scan/src/main/kotlin/com/scan/reporting/HtmlReporter.kt:171:71 Not enough information to infer type argument for 
'T'.
e: file:///D:/ceie/scan/src/main/kotlin/com/scan/reporting/HtmlReporter.kt:171:79 Cannot infer type for this parameter. Please 
specify it explicitly.
e: file:///D:/ceie/scan/src/main/kotlin/com/scan/reporting/HtmlReporter.kt:171:79 Not enough information to infer type argument for 
'T'.
e: file:///D:/ceie/scan/src/main/kotlin/com/scan/reporting/HtmlReporter.kt:183:66 Argument type mismatch: actual type is 
'it(kotlin.Comparable<it(com.scan.core.Severity & kotlin.String)> & java.io.Serializable)', but 'kotlin.String' was expected.
e: file:///D:/ceie/scan/src/main/kotlin/com/scan/reporting/HtmlReporter.kt:188:96 None of the following candidates is applicable:
fun Char.lowercase(): String
fun Char.lowercase(locale: Locale): String
fun String.lowercase(): String
fun String.lowercase(locale: Locale): String
e: file:///D:/ceie/scan/src/main/kotlin/com/scan/reporting/HtmlReporter.kt:188:134 Unresolved reference 'filePath'.
e: file:///D:/ceie/scan/src/main/kotlin/com/scan/reporting/HtmlReporter.kt:191:58 Unresolved reference 'filePath'.
e: file:///D:/ceie/scan/src/main/kotlin/com/scan/reporting/HtmlReporter.kt:194:74 None of the following candidates is applicable:
fun Char.lowercase(): String
fun Char.lowercase(locale: Locale): String
fun String.lowercase(): String
fun String.lowercase(locale: Locale): String
e: file:///D:/ceie/scan/src/main/kotlin/com/scan/reporting/HtmlReporter.kt:204:67 Unresolved reference 'type'.
e: file:///D:/ceie/scan/src/main/kotlin/com/scan/reporting/HtmlReporter.kt:206:69 Unresolved reference 'type'.
e: file:///D:/ceie/scan/src/main/kotlin/com/scan/reporting/HtmlReporter.kt:207:105 None of the following candidates is applicable:
fun Char.lowercase(): String
fun Char.lowercase(locale: Locale): String
fun String.lowercase(): String
fun String.lowercase(locale: Locale): String
e: file:///D:/ceie/scan/src/main/kotlin/com/scan/reporting/HtmlReporter.kt:214:79 Unresolved reference 'lineNumber'.
e: file:///D:/ceie/scan/src/main/kotlin/com/scan/reporting/HtmlReporter.kt:214:109 Unresolved reference 'columnNumber'.
e: file:///D:/ceie/scan/src/main/kotlin/com/scan/reporting/HtmlReporter.kt:225:84 Unresolved reference 'matchedText'.
e: file:///D:/ceie/scan/src/main/kotlin/com/scan/reporting/HtmlReporter.kt:231:80 Argument type mismatch: actual type is 
'com.scan.core.FindingContext', but 'kotlin.String' was expected.
e: file:///D:/ceie/scan/src/main/kotlin/com/scan/reporting/HtmlReporter.kt:237:113 Unresolved reference 'times' for operator '*'.
e: file:///D:/ceie/scan/src/main/kotlin/com/scan/reporting/HtmlReporter.kt:239:109 Unresolved reference 'times' for operator '*'.
e: file:///D:/ceie/scan/src/main/kotlin/com/scan/reporting/HtmlReporter.kt:244:47 Unresolved reference 'recommendations'.
e: file:///D:/ceie/scan/src/main/kotlin/com/scan/reporting/HtmlReporter.kt:248:55 Unresolved reference 'recommendations'.
e: file:///D:/ceie/scan/src/main/kotlin/com/scan/reporting/HtmlReporter.kt:248:77 Cannot infer type for this parameter. Please 
specify it explicitly.
e: file:///D:/ceie/scan/src/main/kotlin/com/scan/reporting/HtmlReporter.kt:250:47 Overload resolution ambiguity between candidates:
fun <T> Array<out T>.joinToString(separator: CharSequence = ..., prefix: CharSequence = ..., postfix: CharSequence = ..., limit: 
Int = ..., truncated: CharSequence = ..., transform: ((T) -> CharSequence)? = ...): String
fun BooleanArray.joinToString(separator: CharSequence = ..., prefix: CharSequence = ..., postfix: CharSequence = ..., limit: Int = 
..., truncated: CharSequence = ..., transform: ((Boolean) -> CharSequence)? = ...): String
fun ByteArray.joinToString(separator: CharSequence = ..., prefix: CharSequence = ..., postfix: CharSequence = ..., limit: Int = 
..., truncated: CharSequence = ..., transform: ((Byte) -> CharSequence)? = ...): String
fun CharArray.joinToString(separator: CharSequence = ..., prefix: CharSequence = ..., postfix: CharSequence = ..., limit: Int = 
..., truncated: CharSequence = ..., transform: ((Char) -> CharSequence)? = ...): String
fun DoubleArray.joinToString(separator: CharSequence = ..., prefix: CharSequence = ..., postfix: CharSequence = ..., limit: Int = 
..., truncated: CharSequence = ..., transform: ((Double) -> CharSequence)? = ...): String
fun FloatArray.joinToString(separator: CharSequence = ..., prefix: CharSequence = ..., postfix: CharSequence = ..., limit: Int = 
..., truncated: CharSequence = ..., transform: ((Float) -> CharSequence)? = ...): String
fun IntArray.joinToString(separator: CharSequence = ..., prefix: CharSequence = ..., postfix: CharSequence = ..., limit: Int = ..., 
truncated: CharSequence = ..., transform: ((Int) -> CharSequence)? = ...): String
fun LongArray.joinToString(separator: CharSequence = ..., prefix: CharSequence = ..., postfix: CharSequence = ..., limit: Int = 
..., truncated: CharSequence = ..., transform: ((Long) -> CharSequence)? = ...): String
fun ShortArray.joinToString(separator: CharSequence = ..., prefix: CharSequence = ..., postfix: CharSequence = ..., limit: Int = 
..., truncated: CharSequence = ..., transform: ((Short) -> CharSequence)? = ...): String
fun <T> Iterable<T>.joinToString(separator: CharSequence = ..., prefix: CharSequence = ..., postfix: CharSequence = ..., limit: Int 
= ..., truncated: CharSequence = ..., transform: ((T) -> CharSequence)? = ...): String
fun <T> Sequence<T>.joinToString(separator: CharSequence = ..., prefix: CharSequence = ..., postfix: CharSequence = ..., limit: Int 
= ..., truncated: CharSequence = ..., transform: ((T) -> CharSequence)? = ...): String
e: file:///D:/ceie/scan/src/main/kotlin/com/scan/reporting/HtmlReporter.kt:809:46 Unresolved reference 'visibleResults'.
e: file:///D:/ceie/scan/src/main/kotlin/com/scan/reporting/HtmlReporter.kt:809:67 Unresolved reference 'totalResults'.
e: file:///D:/ceie/scan/src/main/kotlin/com/scan/reporting/HtmlReporter.kt:813:64 Unresolved reference 'fileId'.
e: file:///D:/ceie/scan/src/main/kotlin/com/scan/reporting/HtmlReporter.kt:814:60 Unresolved reference 'fileId'.
e: file:///D:/ceie/scan/src/main/kotlin/com/scan/reporting/JsonReporter.kt:45:17 Argument type mismatch: actual type is 
'kotlin.String?', but 'K?' was expected.
e: file:///D:/ceie/scan/src/main/kotlin/com/scan/reporting/JsonReporter.kt:45:17 Argument type mismatch: actual type is 'K', but 
'K?' was expected.
e: file:///D:/ceie/scan/src/main/kotlin/com/scan/reporting/JsonReporter.kt:46:28 Argument type mismatch: actual type is 'R?', but 
'K' was expected.
e: file:///D:/ceie/scan/src/main/kotlin/com/scan/reporting/JsonReporter.kt:46:42 Unresolved reference 'outputDir'.
e: file:///D:/ceie/scan/src/main/kotlin/com/scan/reporting/JsonReporter.kt:46:53 Cannot infer type for this parameter. Please 
specify it explicitly.
e: file:///D:/ceie/scan/src/main/kotlin/com/scan/reporting/JsonReporter.kt:46:57 Cannot infer type for this parameter. Please 
specify it explicitly.
e: file:///D:/ceie/scan/src/main/kotlin/com/scan/reporting/JsonReporter.kt:47:59 Unresolved reference 'absolutePath'.
e: file:///D:/ceie/scan/src/main/kotlin/com/scan/reporting/JsonReporter.kt:49:36 Argument type mismatch: actual type is 
'kotlin.String', but 'K' was expected.
e: file:///D:/ceie/scan/src/main/kotlin/com/scan/reporting/JsonReporter.kt:65:34 Cannot infer type for this parameter. Please 
specify it explicitly.
e: file:///D:/ceie/scan/src/main/kotlin/com/scan/reporting/JsonReporter.kt:65:38 Cannot infer type for this parameter. Please 
specify it explicitly.
e: file:///D:/ceie/scan/src/main/kotlin/com/scan/reporting/JsonReporter.kt:65:43 Unresolved reference 'filePath'.
e: file:///D:/ceie/scan/src/main/kotlin/com/scan/reporting/JsonReporter.kt:65:54 Cannot infer type for this parameter. Please 
specify it explicitly.
e: file:///D:/ceie/scan/src/main/kotlin/com/scan/reporting/JsonReporter.kt:65:54 Not enough information to infer type argument for 
'T'.
e: file:///D:/ceie/scan/src/main/kotlin/com/scan/reporting/JsonReporter.kt:67:51 Unresolved reference 'severity'.
e: file:///D:/ceie/scan/src/main/kotlin/com/scan/reporting/JsonReporter.kt:67:74 Unresolved reference 'Severity'.
e: file:///D:/ceie/scan/src/main/kotlin/com/scan/reporting/JsonReporter.kt:68:47 Unresolved reference 'severity'.
e: file:///D:/ceie/scan/src/main/kotlin/com/scan/reporting/JsonReporter.kt:68:70 Unresolved reference 'Severity'.
e: file:///D:/ceie/scan/src/main/kotlin/com/scan/reporting/JsonReporter.kt:69:49 Unresolved reference 'severity'.
e: file:///D:/ceie/scan/src/main/kotlin/com/scan/reporting/JsonReporter.kt:69:72 Unresolved reference 'Severity'.
e: file:///D:/ceie/scan/src/main/kotlin/com/scan/reporting/JsonReporter.kt:70:46 Unresolved reference 'severity'.
e: file:///D:/ceie/scan/src/main/kotlin/com/scan/reporting/JsonReporter.kt:70:69 Unresolved reference 'Severity'.
e: file:///D:/ceie/scan/src/main/kotlin/com/scan/reporting/JsonReporter.kt:73:25 Cannot infer type for this parameter. Please 
specify it explicitly.
e: file:///D:/ceie/scan/src/main/kotlin/com/scan/reporting/JsonReporter.kt:73:33 Cannot infer type for this parameter. Please 
specify it explicitly.
e: file:///D:/ceie/scan/src/main/kotlin/com/scan/reporting/JsonReporter.kt:73:38 Unresolved reference 'ruleId'.
e: file:///D:/ceie/scan/src/main/kotlin/com/scan/reporting/JsonReporter.kt:73:47 Cannot infer type for this parameter. Please 
specify it explicitly.
e: file:///D:/ceie/scan/src/main/kotlin/com/scan/reporting/JsonReporter.kt:73:47 Not enough information to infer type argument for 
'K'.
e: file:///D:/ceie/scan/src/main/kotlin/com/scan/reporting/JsonReporter.kt:73:60 Not enough information to infer type argument for 
'K'.
e: file:///D:/ceie/scan/src/main/kotlin/com/scan/reporting/JsonReporter.kt:73:63 Not enough information to infer type argument for 
'K'.
e: file:///D:/ceie/scan/src/main/kotlin/com/scan/reporting/JsonReporter.kt:76:25 Cannot infer type for this parameter. Please 
specify it explicitly.
e: file:///D:/ceie/scan/src/main/kotlin/com/scan/reporting/JsonReporter.kt:76:33 Cannot infer type for this parameter. Please 
specify it explicitly.
e: file:///D:/ceie/scan/src/main/kotlin/com/scan/reporting/JsonReporter.kt:76:38 Unresolved reference 'filePath'.
e: file:///D:/ceie/scan/src/main/kotlin/com/scan/reporting/JsonReporter.kt:76:49 Cannot infer type for this parameter. Please 
specify it explicitly.
e: file:///D:/ceie/scan/src/main/kotlin/com/scan/reporting/JsonReporter.kt:76:49 Not enough information to infer type argument for 
'K'.
e: file:///D:/ceie/scan/src/main/kotlin/com/scan/reporting/JsonReporter.kt:76:49 Not enough information to infer type argument for 
'R'.
e: file:///D:/ceie/scan/src/main/kotlin/com/scan/reporting/JsonReporter.kt:76:53 Cannot infer type for this parameter. Please 
specify it explicitly.
e: file:///D:/ceie/scan/src/main/kotlin/com/scan/reporting/JsonReporter.kt:76:56 Not enough information to infer type argument for 
'K'.
e: file:///D:/ceie/scan/src/main/kotlin/com/scan/reporting/JsonReporter.kt:76:66 Not enough information to infer type argument for 
'K'.
e: file:///D:/ceie/scan/src/main/kotlin/com/scan/reporting/JsonReporter.kt:78:40 Argument type mismatch: actual type is 'K', but 
'kotlin.String' was expected.
e: file:///D:/ceie/scan/src/main/kotlin/com/scan/reporting/JsonReporter.kt:79:45 Argument type mismatch: actual type is 
'kotlin.Int', but 'kotlin.Int' was expected.
e: file:///D:/ceie/scan/src/main/kotlin/com/scan/reporting/JsonReporter.kt:81:37 Argument type mismatch: actual type is 
'kotlin.collections.List<R>', but 'kotlin.collections.List<com.scan.reporting.JsonFinding>' was expected.
e: file:///D:/ceie/scan/src/main/kotlin/com/scan/reporting/JsonReporter.kt:81:46 Cannot infer type for this parameter. Please 
specify it explicitly.
e: file:///D:/ceie/scan/src/main/kotlin/com/scan/reporting/JsonReporter.kt:81:46 Not enough information to infer type argument for 
'R'.
e: file:///D:/ceie/scan/src/main/kotlin/com/scan/reporting/JsonReporter.kt:81:50 Cannot infer type for this parameter. Please 
specify it explicitly.
e: file:///D:/ceie/scan/src/main/kotlin/com/scan/reporting/JsonReporter.kt:83:65 Unresolved reference 'ruleId'.
e: file:///D:/ceie/scan/src/main/kotlin/com/scan/reporting/JsonReporter.kt:84:67 Unresolved reference 'ruleName'.
e: file:///D:/ceie/scan/src/main/kotlin/com/scan/reporting/JsonReporter.kt:85:70 Unresolved reference 'description'.
e: file:///D:/ceie/scan/src/main/kotlin/com/scan/reporting/JsonReporter.kt:86:67 Unresolved reference 'severity'.
e: file:///D:/ceie/scan/src/main/kotlin/com/scan/reporting/JsonReporter.kt:87:69 Unresolved reference 'confidence'.
e: file:///D:/ceie/scan/src/main/kotlin/com/scan/reporting/JsonReporter.kt:88:69 Unresolved reference 'lineNumber'.
e: file:///D:/ceie/scan/src/main/kotlin/com/scan/reporting/JsonReporter.kt:89:70 Unresolved reference 'columnStart'.
e: file:///D:/ceie/scan/src/main/kotlin/com/scan/reporting/JsonReporter.kt:90:68 Unresolved reference 'columnEnd'.
e: file:///D:/ceie/scan/src/main/kotlin/com/scan/reporting/JsonReporter.kt:92:57 Argument type mismatch: actual type is 
'kotlin.String', but 'kotlin.String' was expected.
e: file:///D:/ceie/scan/src/main/kotlin/com/scan/reporting/JsonReporter.kt:92:75 Unresolved reference 'includeMatchedText'.
e: file:///D:/ceie/scan/src/main/kotlin/com/scan/reporting/JsonReporter.kt:93:72 Unresolved reference 'matchedText'.
e: file:///D:/ceie/scan/src/main/kotlin/com/scan/reporting/JsonReporter.kt:96:57 Argument type mismatch: actual type is 'R?', but 
'com.scan.reporting.JsonContext?' was expected.
e: file:///D:/ceie/scan/src/main/kotlin/com/scan/reporting/JsonReporter.kt:96:64 Unresolved reference 'context'.
e: file:///D:/ceie/scan/src/main/kotlin/com/scan/reporting/JsonReporter.kt:96:73 Cannot infer type for this parameter. Please 
specify it explicitly.
e: file:///D:/ceie/scan/src/main/kotlin/com/scan/reporting/JsonReporter.kt:96:73 Not enough information to infer type argument for 
'R'.
e: file:///D:/ceie/scan/src/main/kotlin/com/scan/reporting/JsonReporter.kt:96:79 Cannot infer type for this parameter. Please 
specify it explicitly.
e: file:///D:/ceie/scan/src/main/kotlin/com/scan/reporting/JsonReporter.kt:98:82 Unresolved reference 'before'.
e: file:///D:/ceie/scan/src/main/kotlin/com/scan/reporting/JsonReporter.kt:99:81 Unresolved reference 'after'.
e: file:///D:/ceie/scan/src/main/kotlin/com/scan/reporting/JsonReporter.kt:100:87 Unresolved reference 'linesBefore'.
e: file:///D:/ceie/scan/src/main/kotlin/com/scan/reporting/JsonReporter.kt:101:86 Unresolved reference 'linesAfter'.
e: file:///D:/ceie/scan/src/main/kotlin/com/scan/reporting/JsonReporter.kt:104:67 Unresolved reference 'metadata'.
e: file:///D:/ceie/scan/src/main/kotlin/com/scan/reporting/JsonReporter.kt:117:75 Unresolved reference 'scanPaths'.
e: file:///D:/ceie/scan/src/main/kotlin/com/scan/reporting/JsonReporter.kt:118:78 Unresolved reference 'excludePaths'.
e: file:///D:/ceie/scan/src/main/kotlin/com/scan/reporting/JsonReporter.kt:121:82 Unresolved reference 'enabledDetectors'.
e: file:///D:/ceie/scan/src/main/kotlin/com/scan/reporting/JsonReporter.kt:124:81 Unresolved reference 'scanHiddenFiles'.
e: file:///D:/ceie/scan/src/main/kotlin/com/scan/reporting/JsonReporter.kt:139:73 Unresolved reference 'scanDuration'.
e: file:///D:/ceie/scan/src/main/kotlin/com/scan/reporting/ReportGenerator.kt:21:44 No value passed for parameter 'logger'.
e: file:///D:/ceie/scan/src/main/kotlin/com/scan/reporting/ReportGenerator.kt:21:44 No value passed for parameter 'configuration'.
e: file:///D:/ceie/scan/src/main/kotlin/com/scan/reporting/ReportGenerator.kt:42:37 Unresolved reference 'consoleOutput'.
e: file:///D:/ceie/scan/src/main/kotlin/com/scan/reporting/ReportGenerator.kt:48:37 Unresolved reference 'jsonOutput'.
e: file:///D:/ceie/scan/src/main/kotlin/com/scan/reporting/ReportGenerator.kt:54:37 Unresolved reference 'htmlOutput'.
e: file:///D:/ceie/scan/src/main/kotlin/com/scan/reporting/ReportGenerator.kt:60:33 Unresolved reference 'customReporters'.
e: file:///D:/ceie/scan/src/main/kotlin/com/scan/reporting/ReportGenerator.kt:60:59 Cannot infer type for this parameter. Please 
specify it explicitly.
e: file:///D:/ceie/scan/src/main/kotlin/com/scan/reporting/ReportGenerator.kt:71:82 Unresolved reference 'name'.
e: file:///D:/ceie/scan/src/main/kotlin/com/scan/reporting/ReportGenerator.kt:88:86 Unresolved reference 'consoleOutput'.
e: file:///D:/ceie/scan/src/main/kotlin/com/scan/reporting/ReportGenerator.kt:103:49 Unresolved reference 'jsonOutput'.
e: file:///D:/ceie/scan/src/main/kotlin/com/scan/reporting/ReportGenerator.kt:110:17 Argument type mismatch: actual type is 
'com.scan.reporting.ReportSummary', but 'kotlin.String?' was expected.
e: file:///D:/ceie/scan/src/main/kotlin/com/scan/reporting/ReportGenerator.kt:111:17 Too many arguments for 'fun 
generateReport(results: List<ScanResult>, outputFile: String? = ...): String'.
e: file:///D:/ceie/scan/src/main/kotlin/com/scan/reporting/ReportGenerator.kt:111:41 Unresolved reference 'jsonOutput'.
e: file:///D:/ceie/scan/src/main/kotlin/com/scan/reporting/ReportGenerator.kt:112:17 Too many arguments for 'fun 
generateReport(results: List<ScanResult>, outputFile: String? = ...): String'.
e: file:///D:/ceie/scan/src/main/kotlin/com/scan/reporting/ReportGenerator.kt:138:49 Unresolved reference 'htmlOutput'.
e: file:///D:/ceie/scan/src/main/kotlin/com/scan/reporting/ReportGenerator.kt:145:17 Argument type mismatch: actual type is 
'com.scan.reporting.ReportSummary', but 'com.scan.core.ScanConfiguration' was expected.
e: file:///D:/ceie/scan/src/main/kotlin/com/scan/reporting/ReportGenerator.kt:146:41 Unresolved reference 'htmlOutput'.
e: file:///D:/ceie/scan/src/main/kotlin/com/scan/reporting/ReportGenerator.kt:147:17 Too many arguments for 'fun 
generateReport(results: List<ScanResult>, configuration: ScanConfiguration, outputFile: File): Unit'.
e: file:///D:/ceie/scan/src/main/kotlin/com/scan/reporting/ReportGenerator.kt:226:28 Cannot infer type for this parameter. Please 
specify it explicitly.
e: file:///D:/ceie/scan/src/main/kotlin/com/scan/reporting/ReportGenerator.kt:226:39 Cannot infer type for this parameter. Please 
specify it explicitly.
e: file:///D:/ceie/scan/src/main/kotlin/com/scan/reporting/ReportGenerator.kt:226:44 Unresolved reference 'scanDurationMs'.
e: file:///D:/ceie/scan/src/main/kotlin/com/scan/reporting/ReportGenerator.kt:226:61 Overload resolution ambiguity between 
candidates:
fun Iterable<Byte>.sum(): Int
fun Iterable<Double>.sum(): Double
fun Iterable<Float>.sum(): Float
fun Iterable<Int>.sum(): Int
fun Iterable<Long>.sum(): Long
fun Iterable<Short>.sum(): Int
fun Iterable<UByte>.sum(): UInt
fun Iterable<UInt>.sum(): UInt
fun Iterable<ULong>.sum(): ULong
fun Iterable<UShort>.sum(): UInt
e: file:///D:/ceie/scan/src/main/kotlin/com/scan/reporting/ReportGenerator.kt:262:27 Unresolved reference 'failOnFindings'.
e: file:///D:/ceie/scan/src/main/kotlin/com/scan/reporting/ReportGenerator.kt:295:38 Unresolved reference 'consoleOutput'.
e: file:///D:/ceie/scan/src/main/kotlin/com/scan/reporting/ReportGenerator.kt:296:50 Unresolved reference 'jsonOutput'.
e: file:///D:/ceie/scan/src/main/kotlin/com/scan/reporting/ReportGenerator.kt:297:50 Unresolved reference 'htmlOutput'.
e: file:///D:/ceie/scan/src/main/kotlin/com/scan/reporting/ReportGenerator.kt:298:49 Unresolved reference 'customReporters'.
e: file:///D:/ceie/scan/src/main/kotlin/com/scan/reporting/ReportGenerator.kt:304:33 Unresolved reference 'jsonOutput'.
e: file:///D:/ceie/scan/src/main/kotlin/com/scan/reporting/ReportGenerator.kt:304:56 Cannot infer type for this parameter. Please 
specify it explicitly.
e: file:///D:/ceie/scan/src/main/kotlin/com/scan/reporting/ReportGenerator.kt:304:62 Cannot infer type for this parameter. Please 
specify it explicitly.
e: file:///D:/ceie/scan/src/main/kotlin/com/scan/reporting/ReportGenerator.kt:310:33 Unresolved reference 'htmlOutput'.
e: file:///D:/ceie/scan/src/main/kotlin/com/scan/reporting/ReportGenerator.kt:310:56 Cannot infer type for this parameter. Please 
specify it explicitly.
e: file:///D:/ceie/scan/src/main/kotlin/com/scan/reporting/ReportGenerator.kt:310:62 Cannot infer type for this parameter. Please 
specify it explicitly.
e: file:///D:/ceie/scan/src/main/kotlin/com/scan/reporting/ReportGenerator.kt:317:33 Unresolved reference 'customReporters'.
e: file:///D:/ceie/scan/src/main/kotlin/com/scan/reporting/ReportGenerator.kt:317:59 Cannot infer type for this parameter. Please 
specify it explicitly.
e: file:///D:/ceie/scan/src/main/kotlin/com/scan/reporting/ReportGenerator.kt:319:46 Unresolved reference 'className'.
e: file:///D:/ceie/scan/src/main/kotlin/com/scan/reporting/ReportGenerator.kt:321:81 Unresolved reference 'className'.
e: file:///D:/ceie/scan/src/main/kotlin/com/scan/utils/ConfigurationLoader.kt:31:41 Argument type mismatch: actual type is 
'java.lang.Class<com.scan.utils.ConfigurationData>', but 'org.yaml.snakeyaml.LoaderOptions!' was expected.
e: file:///D:/ceie/scan/src/main/kotlin/com/scan/utils/ConfigurationLoader.kt:305:17 No parameter with name 'scanPaths' found.
e: file:///D:/ceie/scan/src/main/kotlin/com/scan/utils/ConfigurationLoader.kt:306:17 No parameter with name 'excludePaths' found.
[2A[1m<[0;32;1m======[0;39;1m-------> 50% EXECUTING [3s][m[34D[1B[1m> :compileKotlin[m[16D[1B[2A[0K
[31;1m> Task :compileKotlin[0;39m[31m FAILED[39m[0K
[0K
[0K
e: file:///D:/ceie/scan/src/main/kotlin/com/scan/utils/ConfigurationLoader.kt:307:17 No parameter with name 'includeExtensions' 
found.
e: file:///D:/ceie/scan/src/main/kotlin/com/scan/utils/ConfigurationLoader.kt:309:17 No parameter with name 'excludeExtensions' 
found.
e: file:///D:/ceie/scan/src/main/kotlin/com/scan/utils/ConfigurationLoader.kt:319:26 Unresolved reference 'PatternsConfiguration'.
e: file:///D:/ceie/scan/src/main/kotlin/com/scan/utils/ConfigurationLoader.kt:320:34 Unresolved reference 'PatternsConfiguration'.
e: file:///D:/ceie/scan/src/main/kotlin/com/scan/utils/ConfigurationLoader.kt:331:26 Unresolved reference 'DetectorsConfiguration'.
e: file:///D:/ceie/scan/src/main/kotlin/com/scan/utils/ConfigurationLoader.kt:332:34 Unresolved reference 'DetectorsConfiguration'.
e: file:///D:/ceie/scan/src/main/kotlin/com/scan/utils/ConfigurationLoader.kt:344:26 Unresolved reference 'DetectorConfiguration'.
e: file:///D:/ceie/scan/src/main/kotlin/com/scan/utils/ConfigurationLoader.kt:345:34 Unresolved reference 'DetectorConfiguration'.
e: file:///D:/ceie/scan/src/main/kotlin/com/scan/utils/ConfigurationLoader.kt:354:26 Unresolved reference 'ReportingConfiguration'.
e: file:///D:/ceie/scan/src/main/kotlin/com/scan/utils/ConfigurationLoader.kt:355:34 Unresolved reference 'ReportingConfiguration'.
e: file:///D:/ceie/scan/src/main/kotlin/com/scan/utils/ConfigurationLoader.kt:365:26 Unresolved reference 
'PerformanceConfiguration'.
e: file:///D:/ceie/scan/src/main/kotlin/com/scan/utils/ConfigurationLoader.kt:366:34 Unresolved reference 
'PerformanceConfiguration'.
e: file:///D:/ceie/scan/src/main/kotlin/com/scan/utils/FileUtils.kt:202:37 Initializer type mismatch: expected 'kotlin.Long', 
actual 'kotlin.Int'.
e: file:///D:/ceie/scan/src/main/kotlin/com/scan/utils/FileUtils.kt:447:53 Initializer type mismatch: expected 'kotlin.Long', 
actual 'kotlin.Int'.
[2A[1m<[0;31;1m=============[0;39;1m> 100% EXECUTING [3s][m[35D[1B> IDLE[6D[1B[2A[1m<[0;31;1m=============[0;39;1m> 100% EXECUTING [4s][m[35D[2B[2A1 actionable task: 1 executed[0K
Configuration cache entry reused.[0K
[0K
[0K
e: file:///D:/ceie/scan/src/main/kotlin/com/scan/utils/PatternMatcher.kt:401:5 Modifier 'companion' is not applicable inside 
'standalone object'.

[31mFAILURE: [39m[31mBuild failed with an exception.[39m

* What went wrong:
Execution failed for task ':compileKotlin'.
[33m> [39mA failure occurred while executing 
org.jetbrains.kotlin.compilerRunner.GradleCompilerRunnerWithWorkers$GradleKotlinCompilerWorkAction
   [33m> [39mCompilation error. See log for more details

* Try:
[33m> [39mRun with [1m--stacktrace[m option to get the stack trace.
[33m> [39mRun with [1m--info[m or [1m--debug[m option to get more log output.
[33m> [39mRun with [1m--scan[m to get full insights.
[33m> [39mGet more help at [1mhttps://help.gradle.org[m.

[31;1mBUILD FAILED[0;39m in 5s
[2A[1m<[0;1m-------------> 0% WAITING[m[26D[1B> IDLE[6D[1B[2A[2K[1B[2K[1A
